Archive member included to satisfy reference by file (symbol)

c:/ac6/systemworkbench/plugins/fr.ac6.mcu.externaltools.arm-none.win32_1.17.0.201812190825/tools/compiler/bin/../lib/gcc/arm-none-eabi/7.3.1/../../../../arm-none-eabi/lib/thumb/v7e-m/fpv4-sp/hard\libc.a(lib_a-errno.o)
                              src/syscalls.o (__errno)
c:/ac6/systemworkbench/plugins/fr.ac6.mcu.externaltools.arm-none.win32_1.17.0.201812190825/tools/compiler/bin/../lib/gcc/arm-none-eabi/7.3.1/../../../../arm-none-eabi/lib/thumb/v7e-m/fpv4-sp/hard\libc.a(lib_a-exit.o)
                              c:/ac6/systemworkbench/plugins/fr.ac6.mcu.externaltools.arm-none.win32_1.17.0.201812190825/tools/compiler/bin/../lib/gcc/arm-none-eabi/7.3.1/../../../../arm-none-eabi/lib/thumb/v7e-m/fpv4-sp/hard/crt0.o (exit)
c:/ac6/systemworkbench/plugins/fr.ac6.mcu.externaltools.arm-none.win32_1.17.0.201812190825/tools/compiler/bin/../lib/gcc/arm-none-eabi/7.3.1/../../../../arm-none-eabi/lib/thumb/v7e-m/fpv4-sp/hard\libc.a(lib_a-impure.o)
                              c:/ac6/systemworkbench/plugins/fr.ac6.mcu.externaltools.arm-none.win32_1.17.0.201812190825/tools/compiler/bin/../lib/gcc/arm-none-eabi/7.3.1/../../../../arm-none-eabi/lib/thumb/v7e-m/fpv4-sp/hard\libc.a(lib_a-exit.o) (_global_impure_ptr)
c:/ac6/systemworkbench/plugins/fr.ac6.mcu.externaltools.arm-none.win32_1.17.0.201812190825/tools/compiler/bin/../lib/gcc/arm-none-eabi/7.3.1/../../../../arm-none-eabi/lib/thumb/v7e-m/fpv4-sp/hard\libc.a(lib_a-init.o)
                              c:/ac6/systemworkbench/plugins/fr.ac6.mcu.externaltools.arm-none.win32_1.17.0.201812190825/tools/compiler/bin/../lib/gcc/arm-none-eabi/7.3.1/../../../../arm-none-eabi/lib/thumb/v7e-m/fpv4-sp/hard/crt0.o (__libc_init_array)
c:/ac6/systemworkbench/plugins/fr.ac6.mcu.externaltools.arm-none.win32_1.17.0.201812190825/tools/compiler/bin/../lib/gcc/arm-none-eabi/7.3.1/../../../../arm-none-eabi/lib/thumb/v7e-m/fpv4-sp/hard\libc.a(lib_a-memcpy.o)
                              Third-Party/FreeRTOS/org/Source/queue.o (memcpy)
c:/ac6/systemworkbench/plugins/fr.ac6.mcu.externaltools.arm-none.win32_1.17.0.201812190825/tools/compiler/bin/../lib/gcc/arm-none-eabi/7.3.1/../../../../arm-none-eabi/lib/thumb/v7e-m/fpv4-sp/hard\libc.a(lib_a-memset.o)
                              c:/ac6/systemworkbench/plugins/fr.ac6.mcu.externaltools.arm-none.win32_1.17.0.201812190825/tools/compiler/bin/../lib/gcc/arm-none-eabi/7.3.1/../../../../arm-none-eabi/lib/thumb/v7e-m/fpv4-sp/hard/crt0.o (memset)
c:/ac6/systemworkbench/plugins/fr.ac6.mcu.externaltools.arm-none.win32_1.17.0.201812190825/tools/compiler/bin/../lib/gcc/arm-none-eabi/7.3.1/../../../../arm-none-eabi/lib/thumb/v7e-m/fpv4-sp/hard\libc.a(lib_a-sprintf.o)
                              src/main.o (sprintf)
c:/ac6/systemworkbench/plugins/fr.ac6.mcu.externaltools.arm-none.win32_1.17.0.201812190825/tools/compiler/bin/../lib/gcc/arm-none-eabi/7.3.1/../../../../arm-none-eabi/lib/thumb/v7e-m/fpv4-sp/hard\libc.a(lib_a-strlen.o)
                              src/main.o (strlen)
c:/ac6/systemworkbench/plugins/fr.ac6.mcu.externaltools.arm-none.win32_1.17.0.201812190825/tools/compiler/bin/../lib/gcc/arm-none-eabi/7.3.1/../../../../arm-none-eabi/lib/thumb/v7e-m/fpv4-sp/hard\libc.a(lib_a-svfprintf.o)
                              c:/ac6/systemworkbench/plugins/fr.ac6.mcu.externaltools.arm-none.win32_1.17.0.201812190825/tools/compiler/bin/../lib/gcc/arm-none-eabi/7.3.1/../../../../arm-none-eabi/lib/thumb/v7e-m/fpv4-sp/hard\libc.a(lib_a-sprintf.o) (_svfprintf_r)
c:/ac6/systemworkbench/plugins/fr.ac6.mcu.externaltools.arm-none.win32_1.17.0.201812190825/tools/compiler/bin/../lib/gcc/arm-none-eabi/7.3.1/../../../../arm-none-eabi/lib/thumb/v7e-m/fpv4-sp/hard\libc.a(lib_a-__call_atexit.o)
                              c:/ac6/systemworkbench/plugins/fr.ac6.mcu.externaltools.arm-none.win32_1.17.0.201812190825/tools/compiler/bin/../lib/gcc/arm-none-eabi/7.3.1/../../../../arm-none-eabi/lib/thumb/v7e-m/fpv4-sp/hard\libc.a(lib_a-exit.o) (__call_exitprocs)
c:/ac6/systemworkbench/plugins/fr.ac6.mcu.externaltools.arm-none.win32_1.17.0.201812190825/tools/compiler/bin/../lib/gcc/arm-none-eabi/7.3.1/../../../../arm-none-eabi/lib/thumb/v7e-m/fpv4-sp/hard\libc.a(lib_a-atexit.o)
                              c:/ac6/systemworkbench/plugins/fr.ac6.mcu.externaltools.arm-none.win32_1.17.0.201812190825/tools/compiler/bin/../lib/gcc/arm-none-eabi/7.3.1/../../../../arm-none-eabi/lib/thumb/v7e-m/fpv4-sp/hard\libc.a(lib_a-__call_atexit.o) (atexit)
c:/ac6/systemworkbench/plugins/fr.ac6.mcu.externaltools.arm-none.win32_1.17.0.201812190825/tools/compiler/bin/../lib/gcc/arm-none-eabi/7.3.1/../../../../arm-none-eabi/lib/thumb/v7e-m/fpv4-sp/hard\libc.a(lib_a-dtoa.o)
                              c:/ac6/systemworkbench/plugins/fr.ac6.mcu.externaltools.arm-none.win32_1.17.0.201812190825/tools/compiler/bin/../lib/gcc/arm-none-eabi/7.3.1/../../../../arm-none-eabi/lib/thumb/v7e-m/fpv4-sp/hard\libc.a(lib_a-svfprintf.o) (_dtoa_r)
[...]
Memory Configuration

Name             Origin             Length             Attributes
FLASH            0x08000000         0x00080000         xr
RAM              0x20000000         0x00020000         xrw
*default*        0x00000000         0xffffffff

Linker script and memory map

LOAD c:/ac6/systemworkbench/plugins/fr.ac6.mcu.externaltools.arm-none.win32_1.17.0.201812190825/tools/compiler/bin/../lib/gcc/arm-none-eabi/7.3.1/thumb/v7e-m/fpv4-sp/hard/crti.o
LOAD c:/ac6/systemworkbench/plugins/fr.ac6.mcu.externaltools.arm-none.win32_1.17.0.201812190825/tools/compiler/bin/../lib/gcc/arm-none-eabi/7.3.1/thumb/v7e-m/fpv4-sp/hard/crtbegin.o
LOAD c:/ac6/systemworkbench/plugins/fr.ac6.mcu.externaltools.arm-none.win32_1.17.0.201812190825/tools/compiler/bin/../lib/gcc/arm-none-eabi/7.3.1/../../../../arm-none-eabi/lib/thumb/v7e-m/fpv4-sp/hard/crt0.o
LOAD StdPeriph_Driver/src/misc.o
LOAD StdPeriph_Driver/src/stm32f4xx_adc.o
LOAD StdPeriph_Driver/src/stm32f4xx_can.o
LOAD StdPeriph_Driver/src/stm32f4xx_crc.o
LOAD StdPeriph_Driver/src/stm32f4xx_cryp.o
LOAD StdPeriph_Driver/src/stm32f4xx_cryp_aes.o
LOAD StdPeriph_Driver/src/stm32f4xx_cryp_des.o
LOAD StdPeriph_Driver/src/stm32f4xx_cryp_tdes.o
LOAD StdPeriph_Driver/src/stm32f4xx_dac.o
LOAD StdPeriph_Driver/src/stm32f4xx_dbgmcu.o
LOAD StdPeriph_Driver/src/stm32f4xx_dcmi.o
LOAD StdPeriph_Driver/src/stm32f4xx_dfsdm.o
LOAD StdPeriph_Driver/src/stm32f4xx_dma.o
LOAD StdPeriph_Driver/src/stm32f4xx_dma2d.o
LOAD StdPeriph_Driver/src/stm32f4xx_dsi.o
LOAD StdPeriph_Driver/src/stm32f4xx_exti.o
LOAD StdPeriph_Driver/src/stm32f4xx_flash.o
LOAD StdPeriph_Driver/src/stm32f4xx_flash_ramfunc.o
LOAD StdPeriph_Driver/src/stm32f4xx_gpio.o
LOAD StdPeriph_Driver/src/stm32f4xx_hash.o
LOAD StdPeriph_Driver/src/stm32f4xx_hash_md5.o
LOAD StdPeriph_Driver/src/stm32f4xx_hash_sha1.o
LOAD StdPeriph_Driver/src/stm32f4xx_i2c.o
LOAD StdPeriph_Driver/src/stm32f4xx_iwdg.o
LOAD StdPeriph_Driver/src/stm32f4xx_lptim.o
LOAD StdPeriph_Driver/src/stm32f4xx_ltdc.o
LOAD StdPeriph_Driver/src/stm32f4xx_pwr.o
LOAD StdPeriph_Driver/src/stm32f4xx_rcc.o
LOAD StdPeriph_Driver/src/stm32f4xx_rng.o
LOAD StdPeriph_Driver/src/stm32f4xx_rtc.o
LOAD StdPeriph_Driver/src/stm32f4xx_sai.o
LOAD StdPeriph_Driver/src/stm32f4xx_sdio.o
LOAD StdPeriph_Driver/src/stm32f4xx_spi.o
LOAD StdPeriph_Driver/src/stm32f4xx_syscfg.o
LOAD StdPeriph_Driver/src/stm32f4xx_tim.o
LOAD StdPeriph_Driver/src/stm32f4xx_usart.o
LOAD StdPeriph_Driver/src/stm32f4xx_wwdg.o
LOAD Third-Party/FreeRTOS/org/Source/croutine.o
LOAD Third-Party/FreeRTOS/org/Source/event_groups.o
LOAD Third-Party/FreeRTOS/org/Source/list.o
LOAD Third-Party/FreeRTOS/org/Source/queue.o
LOAD Third-Party/FreeRTOS/org/Source/stream_buffer.o
LOAD Third-Party/FreeRTOS/org/Source/tasks.o
LOAD Third-Party/FreeRTOS/org/Source/timers.o
LOAD Third-Party/FreeRTOS/org/Source/portable/GCC/ARM_CM4F/port.o
LOAD Third-Party/FreeRTOS/org/Source/portable/MemMang/heap_4.o
LOAD src/main.o
LOAD src/syscalls.o
LOAD src/system_stm32f4xx.o
LOAD startup/startup_stm32f411xe.o
LOAD c:/ac6/systemworkbench/plugins/fr.ac6.mcu.externaltools.arm-none.win32_1.17.0.201812190825/tools/compiler/bin/../lib/gcc/arm-none-eabi/7.3.1/../../../../arm-none-eabi/lib/thumb/v7e-m/fpv4-sp/hard\libm.a
START GROUP
LOAD c:/ac6/systemworkbench/plugins/fr.ac6.mcu.externaltools.arm-none.win32_1.17.0.201812190825/tools/compiler/bin/../lib/gcc/arm-none-eabi/7.3.1/thumb/v7e-m/fpv4-sp/hard\libgcc.a
LOAD c:/ac6/systemworkbench/plugins/fr.ac6.mcu.externaltools.arm-none.win32_1.17.0.201812190825/tools/compiler/bin/../lib/gcc/arm-none-eabi/7.3.1/../../../../arm-none-eabi/lib/thumb/v7e-m/fpv4-sp/hard\libc.a
END GROUP
LOAD c:/ac6/systemworkbench/plugins/fr.ac6.mcu.externaltools.arm-none.win32_1.17.0.201812190825/tools/compiler/bin/../lib/gcc/arm-none-eabi/7.3.1/thumb/v7e-m/fpv4-sp/hard/crtend.o
LOAD c:/ac6/systemworkbench/plugins/fr.ac6.mcu.externaltools.arm-none.win32_1.17.0.201812190825/tools/compiler/bin/../lib/gcc/arm-none-eabi/7.3.1/thumb/v7e-m/fpv4-sp/hard/crtn.o
                0x20020000                _estack = 0x20020000
                0x00000200                _Min_Heap_Size = 0x200
                0x00000400                _Min_Stack_Size = 0x400

.isr_vector     0x08000000      0x198
                0x08000000                . = ALIGN (0x4)
 *(.isr_vector)
 .isr_vector    0x08000000      0x198 startup/startup_stm32f411xe.o
                0x08000000                g_pfnVectors
                0x08000198                . = ALIGN (0x4)

.text           0x080001c0     0x8824
                0x080001c0                . = ALIGN (0x4)
 *(.text)
 .text          0x080001c0       0x40 c:/ac6/systemworkbench/plugins/fr.ac6.mcu.externaltools.arm-none.win32_1.17.0.201812190825/tools/compiler/bin/../lib/gcc/arm-none-eabi/7.3.1/thumb/v7e-m/fpv4-sp/hard/crtbegin.o
 .text          0x08000200      0x134 c:/ac6/systemworkbench/plugins/fr.ac6.mcu.externaltools.arm-none.win32_1.17.0.201812190825/tools/compiler/bin/../lib/gcc/arm-none-eabi/7.3.1/../../../../arm-none-eabi/lib/thumb/v7e-m/fpv4-sp/hard\libc.a(lib_a-memcpy.o)
                0x08000200                memcpy
 *fill*         0x08000334        0xc 
 .text          0x08000340       0xdc c:/ac6/systemworkbench/plugins/fr.ac6.mcu.externaltools.arm-none.win32_1.17.0.201812190825/tools/compiler/bin/../lib/gcc/arm-none-eabi/7.3.1/../../../../arm-none-eabi/lib/thumb/v7e-m/fpv4-sp/hard\libc.a(lib_a-strlen.o)
                0x08000340                strlen
 *fill*         0x0800041c        0x4 
 .text          0x08000420       0xa0 c:/ac6/systemworkbench/plugins/fr.ac6.mcu.externaltools.arm-none.win32_1.17.0.201812190825/tools/compiler/bin/../lib/gcc/arm-none-eabi/7.3.1/../../../../arm-none-eabi/lib/thumb/v7e-m/fpv4-sp/hard\libc.a(lib_a-memchr.o)
                0x08000420                memchr
 .text          0x080004c0      0x378 c:/ac6/systemworkbench/plugins/fr.ac6.mcu.externaltools.arm-none.win32_1.17.0.201812190825/tools/compiler/bin/../lib/gcc/arm-none-eabi/7.3.1/thumb/v7e-m/fpv4-sp/hard\libgcc.a(_arm_addsubdf3.o)
                0x080004c0                __aeabi_drsub
                0x080004c8                __aeabi_dsub
                0x080004c8                __subdf3
                0x080004cc                __aeabi_dadd
                0x080004cc                __adddf3
                0x08000744                __floatunsidf
                0x08000744                __aeabi_ui2d
                0x08000764                __floatsidf
                0x08000764                __aeabi_i2d
                0x08000788                __aeabi_f2d
                0x08000788                __extendsfdf2
                0x080007cc                __floatundidf
                0x080007cc                __aeabi_ul2d
                0x080007dc                __floatdidf
                0x080007dc                __aeabi_l2d
 .text          0x08000838      0x424 c:/ac6/systemworkbench/plugins/fr.ac6.mcu.externaltools.arm-none.win32_1.17.0.201812190825/tools/compiler/bin/../lib/gcc/arm-none-eabi/7.3.1/thumb/v7e-m/fpv4-sp/hard\libgcc.a(_arm_muldivdf3.o)
                0x08000838                __aeabi_dmul
                0x08000838                __muldf3
                0x08000a8c                __divdf3
                0x08000a8c                __aeabi_ddiv
 .text          0x08000c5c      0x110 c:/ac6/systemworkbench/plugins/fr.ac6.mcu.externaltools.arm-none.win32_1.17.0.201812190825/tools/compiler/bin/../lib/gcc/arm-none-eabi/7.3.1/thumb/v7e-m/fpv4-sp/hard\libgcc.a(_arm_cmpdf2.o)
                0x08000c5c                __gtdf2
                0x08000c5c                __gedf2
                0x08000c64                __ltdf2
                0x08000c64                __ledf2
                0x08000c6c                __nedf2
                0x08000c6c                __eqdf2
                0x08000c6c                __cmpdf2
                0x08000ce8                __aeabi_cdrcmple
                0x08000cf8                __aeabi_cdcmpeq
                0x08000cf8                __aeabi_cdcmple
                0x08000d08                __aeabi_dcmpeq
                0x08000d1c                __aeabi_dcmplt
                0x08000d30                __aeabi_dcmple
                0x08000d44                __aeabi_dcmpge
                0x08000d58                __aeabi_dcmpgt
 .text          0x08000d6c       0x2c c:/ac6/systemworkbench/plugins/fr.ac6.mcu.externaltools.arm-none.win32_1.17.0.201812190825/tools/compiler/bin/../lib/gcc/arm-none-eabi/7.3.1/thumb/v7e-m/fpv4-sp/hard\libgcc.a(_arm_unorddf2.o)
                0x08000d6c                __unorddf2
                0x08000d6c                __aeabi_dcmpun
 .text          0x08000d98       0x50 c:/ac6/systemworkbench/plugins/fr.ac6.mcu.externaltools.arm-none.win32_1.17.0.201812190825/tools/compiler/bin/../lib/gcc/arm-none-eabi/7.3.1/thumb/v7e-m/fpv4-sp/hard\libgcc.a(_arm_fixdfsi.o)
                0x08000d98                __aeabi_d2iz
                0x08000d98                __fixdfsi
 .text          0x08000de8       0x30 c:/ac6/systemworkbench/plugins/fr.ac6.mcu.externaltools.arm-none.win32_1.17.0.201812190825/tools/compiler/bin/../lib/gcc/arm-none-eabi/7.3.1/thumb/v7e-m/fpv4-sp/hard\libgcc.a(_aeabi_uldivmod.o)
                0x08000de8                __aeabi_uldivmod
 .text          0x08000e18      0x2cc c:/ac6/systemworkbench/plugins/fr.ac6.mcu.externaltools.arm-none.win32_1.17.0.201812190825/tools/compiler/bin/../lib/gcc/arm-none-eabi/7.3.1/thumb/v7e-m/fpv4-sp/hard\libgcc.a(_udivmoddi4.o)
                0x08000e18                __udivmoddi4
 .text          0x080010e4        0x4 c:/ac6/systemworkbench/plugins/fr.ac6.mcu.externaltools.arm-none.win32_1.17.0.201812190825/tools/compiler/bin/../lib/gcc/arm-none-eabi/7.3.1/thumb/v7e-m/fpv4-sp/hard\libgcc.a(_dvmd_tls.o)
                0x080010e4                __aeabi_idiv0
                0x080010e4                __aeabi_ldiv0
 *(.text*)
 .text.GPIO_Init
                0x080010e8      0x11c StdPeriph_Driver/src/stm32f4xx_gpio.o
                0x080010e8                GPIO_Init
 .text.GPIO_ReadOutputDataBit
                0x08001204       0x34 StdPeriph_Driver/src/stm32f4xx_gpio.o
                0x08001204                GPIO_ReadOutputDataBit
 .text.GPIO_WriteBit
                0x08001238       0x30 StdPeriph_Driver/src/stm32f4xx_gpio.o
                0x08001238                GPIO_WriteBit
 .text.GPIO_ToggleBits
                0x08001268       0x24 StdPeriph_Driver/src/stm32f4xx_gpio.o
                0x08001268                GPIO_ToggleBits
 .text.GPIO_PinAFConfig
                0x0800128c       0x92 StdPeriph_Driver/src/stm32f4xx_gpio.o
                0x0800128c                GPIO_PinAFConfig
 *fill*         0x0800131e        0x2 
 .text.RCC_DeInit
                0x08001320       0x64 StdPeriph_Driver/src/stm32f4xx_rcc.o
                0x08001320                RCC_DeInit
 .text.RCC_GetClocksFreq
                0x08001384      0x150 StdPeriph_Driver/src/stm32f4xx_rcc.o
                0x08001384                RCC_GetClocksFreq
 .text.RCC_AHB1PeriphClockCmd
                0x080014d4       0x40 StdPeriph_Driver/src/stm32f4xx_rcc.o
                0x080014d4                RCC_AHB1PeriphClockCmd
 .text.RCC_APB1PeriphClockCmd
                0x08001514       0x40 StdPeriph_Driver/src/stm32f4xx_rcc.o
                0x08001514                RCC_APB1PeriphClockCmd
 .text.RCC_APB2PeriphClockCmd
                0x08001554       0x40 StdPeriph_Driver/src/stm32f4xx_rcc.o
                0x08001554                RCC_APB2PeriphClockCmd
 .text.USART_Init
                0x08001594      0x174 StdPeriph_Driver/src/stm32f4xx_usart.o
                0x08001594                USART_Init
 .text.USART_Cmd
                0x08001708       0x40 StdPeriph_Driver/src/stm32f4xx_usart.o
                0x08001708                USART_Cmd
 .text.USART_SendData
                0x08001748       0x24 StdPeriph_Driver/src/stm32f4xx_usart.o
                0x08001748                USART_SendData
 .text.USART_ReceiveData
                0x0800176c       0x20 StdPeriph_Driver/src/stm32f4xx_usart.o
                0x0800176c                USART_ReceiveData
 .text.USART_ITConfig
                0x0800178c       0x90 StdPeriph_Driver/src/stm32f4xx_usart.o
                0x0800178c                USART_ITConfig
 .text.USART_GetFlagStatus
                0x0800181c       0x38 StdPeriph_Driver/src/stm32f4xx_usart.o
                0x0800181c                USART_GetFlagStatus
 .text.vListInitialise
                0x08001854       0x40 Third-Party/FreeRTOS/org/Source/list.o
                0x08001854                vListInitialise
 .text.vListInitialiseItem
                0x08001894       0x1a Third-Party/FreeRTOS/org/Source/list.o
                0x08001894                vListInitialiseItem
 .text.vListInsertEnd
                0x080018ae       0x48 Third-Party/FreeRTOS/org/Source/list.o
                0x080018ae                vListInsertEnd
 .text.vListInsert
                0x080018f6       0x72 Third-Party/FreeRTOS/org/Source/list.o
                0x080018f6                vListInsert
 .text.uxListRemove
                0x08001968       0x54 Third-Party/FreeRTOS/org/Source/list.o
                0x08001968                uxListRemove
 .text.xQueueGenericReset
                0x080019bc       0xd0 Third-Party/FreeRTOS/org/Source/queue.o
                0x080019bc                xQueueGenericReset
 .text.xQueueGenericCreate
                0x08001a8c       0x76 Third-Party/FreeRTOS/org/Source/queue.o
                0x08001a8c                xQueueGenericCreate
 .text.prvInitialiseNewQueue
                0x08001b02       0x46 Third-Party/FreeRTOS/org/Source/queue.o
 .text.xQueueGenericSend
                0x08001b48      0x1f4 Third-Party/FreeRTOS/org/Source/queue.o
                0x08001b48                xQueueGenericSend
 .text.xQueueGenericSendFromISR
                0x08001d3c      0x128 Third-Party/FreeRTOS/org/Source/queue.o
                0x08001d3c                xQueueGenericSendFromISR
 .text.xQueueReceive
                0x08001e64      0x1b8 Third-Party/FreeRTOS/org/Source/queue.o
                0x08001e64                xQueueReceive
 .text.prvCopyDataToQueue
                0x0800201c       0xd4 Third-Party/FreeRTOS/org/Source/queue.o
 .text.prvCopyDataFromQueue
                0x080020f0       0x4c Third-Party/FreeRTOS/org/Source/queue.o
 .text.prvUnlockQueue
                0x0800213c       0xa4 Third-Party/FreeRTOS/org/Source/queue.o
 .text.prvIsQueueEmpty
                0x080021e0       0x2c Third-Party/FreeRTOS/org/Source/queue.o
 .text.prvIsQueueFull
                0x0800220c       0x30 Third-Party/FreeRTOS/org/Source/queue.o
 .text.vQueueAddToRegistry
                0x0800223c       0x50 Third-Party/FreeRTOS/org/Source/queue.o
                0x0800223c                vQueueAddToRegistry
 .text.vQueueWaitForMessageRestricted
                0x0800228c       0x68 Third-Party/FreeRTOS/org/Source/queue.o
                0x0800228c                vQueueWaitForMessageRestricted
 .text.xTaskCreate
                0x080022f4       0x82 Third-Party/FreeRTOS/org/Source/tasks.o
                0x080022f4                xTaskCreate
 .text.prvInitialiseNewTask
                0x08002376      0x126 Third-Party/FreeRTOS/org/Source/tasks.o
 .text.prvAddNewTaskToReadyList
                0x0800249c       0xdc Third-Party/FreeRTOS/org/Source/tasks.o
 .text.vTaskStartScheduler
                0x08002578       0x98 Third-Party/FreeRTOS/org/Source/tasks.o
                0x08002578                vTaskStartScheduler
 .text.vTaskSuspendAll
                0x08002610       0x1c Third-Party/FreeRTOS/org/Source/tasks.o
                0x08002610                vTaskSuspendAll
 .text.xTaskResumeAll
                0x0800262c      0x138 Third-Party/FreeRTOS/org/Source/tasks.o
                0x0800262c                xTaskResumeAll
 .text.xTaskGetTickCount
                0x08002764       0x20 Third-Party/FreeRTOS/org/Source/tasks.o
                0x08002764                xTaskGetTickCount
 .text.xTaskIncrementTick
                0x08002784      0x170 Third-Party/FreeRTOS/org/Source/tasks.o
                0x08002784                xTaskIncrementTick
 .text.vTaskSwitchContext
                0x080028f4       0xb4 Third-Party/FreeRTOS/org/Source/tasks.o
                0x080028f4                vTaskSwitchContext
 .text.vTaskPlaceOnEventList
                0x080029a8       0x48 Third-Party/FreeRTOS/org/Source/tasks.o
                0x080029a8                vTaskPlaceOnEventList
 .text.vTaskPlaceOnEventListRestricted
                0x080029f0       0x54 Third-Party/FreeRTOS/org/Source/tasks.o
                0x080029f0                vTaskPlaceOnEventListRestricted
 .text.xTaskRemoveFromEventList
                0x08002a44       0xc4 Third-Party/FreeRTOS/org/Source/tasks.o
                0x08002a44                xTaskRemoveFromEventList
 .text.vTaskInternalSetTimeOutState
                0x08002b08       0x2c Third-Party/FreeRTOS/org/Source/tasks.o
                0x08002b08                vTaskInternalSetTimeOutState
 .text.xTaskCheckForTimeOut
                0x08002b34       0xc0 Third-Party/FreeRTOS/org/Source/tasks.o
                0x08002b34                xTaskCheckForTimeOut
 .text.vTaskMissedYield
                0x08002bf4       0x18 Third-Party/FreeRTOS/org/Source/tasks.o
                0x08002bf4                vTaskMissedYield
 .text.prvIdleTask
                0x08002c0c       0x30 Third-Party/FreeRTOS/org/Source/tasks.o
 .text.prvInitialiseTaskLists
                0x08002c3c       0x80 Third-Party/FreeRTOS/org/Source/tasks.o
 .text.prvCheckTasksWaitingTermination
                0x08002cbc       0x58 Third-Party/FreeRTOS/org/Source/tasks.o
 .text.prvDeleteTCB
                0x08002d14       0x20 Third-Party/FreeRTOS/org/Source/tasks.o
 .text.prvResetNextTaskUnblockTime
                0x08002d34       0x40 Third-Party/FreeRTOS/org/Source/tasks.o
 .text.xTaskGetSchedulerState
                0x08002d74       0x3c Third-Party/FreeRTOS/org/Source/tasks.o
                0x08002d74                xTaskGetSchedulerState
 .text.xTaskPriorityDisinherit
                0x08002db0      0x108 Third-Party/FreeRTOS/org/Source/tasks.o
                0x08002db0                xTaskPriorityDisinherit
 .text.xTaskNotifyWait
                0x08002eb8       0xb4 Third-Party/FreeRTOS/org/Source/tasks.o
                0x08002eb8                xTaskNotifyWait
 .text.xTaskGenericNotifyFromISR
                0x08002f6c      0x1b0 Third-Party/FreeRTOS/org/Source/tasks.o
                0x08002f6c                xTaskGenericNotifyFromISR
 .text.prvAddCurrentTaskToDelayedList
                0x0800311c       0xcc Third-Party/FreeRTOS/org/Source/tasks.o
 .text.xTimerCreateTimerTask
                0x080031e8       0x64 Third-Party/FreeRTOS/org/Source/timers.o
                0x080031e8                xTimerCreateTimerTask
 .text.xTimerCreate
                0x0800324c       0x3a Third-Party/FreeRTOS/org/Source/timers.o
                0x0800324c                xTimerCreate
 .text.prvInitialiseNewTimer
                0x08003286       0x62 Third-Party/FreeRTOS/org/Source/timers.o
 .text.xTimerGenericCommand
                0x080032e8       0x98 Third-Party/FreeRTOS/org/Source/timers.o
                0x080032e8                xTimerGenericCommand
 .text.prvProcessExpiredTimer
                0x08003380       0x80 Third-Party/FreeRTOS/org/Source/timers.o
 .text.prvTimerTask
                0x08003400       0x24 Third-Party/FreeRTOS/org/Source/timers.o
 .text.prvProcessTimerOrBlockTask
                0x08003424       0x9c Third-Party/FreeRTOS/org/Source/timers.o
 .text.prvGetNextExpireTime
                0x080034c0       0x48 Third-Party/FreeRTOS/org/Source/timers.o
 .text.prvSampleTimeNow
                0x08003508       0x40 Third-Party/FreeRTOS/org/Source/timers.o
 .text.prvInsertTimerInActiveList
                0x08003548       0x84 Third-Party/FreeRTOS/org/Source/timers.o
 .text.prvProcessReceivedCommands
                0x080035cc      0x124 Third-Party/FreeRTOS/org/Source/timers.o
 .text.prvSwitchTimerLists
                0x080036f0       0xc0 Third-Party/FreeRTOS/org/Source/timers.o
 .text.prvCheckForValidListAndQueue
                0x080037b0       0x6c Third-Party/FreeRTOS/org/Source/timers.o
 .text.pxPortInitialiseStack
                0x0800381c       0x68 Third-Party/FreeRTOS/org/Source/portable/GCC/ARM_CM4F/port.o
                0x0800381c                pxPortInitialiseStack
 .text.prvTaskExitError
                0x08003884       0x54 Third-Party/FreeRTOS/org/Source/portable/GCC/ARM_CM4F/port.o
 *fill*         0x080038d8        0x8 
 .text.SVC_Handler
                0x080038e0       0x28 Third-Party/FreeRTOS/org/Source/portable/GCC/ARM_CM4F/port.o
                0x080038e0                SVC_Handler
 .text.prvPortStartFirstTask
                0x08003908       0x28 Third-Party/FreeRTOS/org/Source/portable/GCC/ARM_CM4F/port.o
 .text.xPortStartScheduler
                0x08003930      0x13c Third-Party/FreeRTOS/org/Source/portable/GCC/ARM_CM4F/port.o
                0x08003930                xPortStartScheduler
 .text.vPortEnterCritical
                0x08003a6c       0x5c Third-Party/FreeRTOS/org/Source/portable/GCC/ARM_CM4F/port.o
                0x08003a6c                vPortEnterCritical
 .text.vPortExitCritical
                0x08003ac8       0x50 Third-Party/FreeRTOS/org/Source/portable/GCC/ARM_CM4F/port.o
                0x08003ac8                vPortExitCritical
 *fill*         0x08003b18        0x8 
 .text.PendSV_Handler
                0x08003b20       0x68 Third-Party/FreeRTOS/org/Source/portable/GCC/ARM_CM4F/port.o
                0x08003b20                PendSV_Handler
 .text.SysTick_Handler
                0x08003b88       0x40 Third-Party/FreeRTOS/org/Source/portable/GCC/ARM_CM4F/port.o
                0x08003b88                SysTick_Handler
 .text.vPortSetupTimerInterrupt
                0x08003bc8       0x48 Third-Party/FreeRTOS/org/Source/portable/GCC/ARM_CM4F/port.o
                0x08003bc8                vPortSetupTimerInterrupt
 .text.vPortEnableVFP
                0x08003c10       0x14 Third-Party/FreeRTOS/org/Source/portable/GCC/ARM_CM4F/port.o
 .text.vPortValidateInterruptPriority
                0x08003c24       0x7c Third-Party/FreeRTOS/org/Source/portable/GCC/ARM_CM4F/port.o
                0x08003c24                vPortValidateInterruptPriority
 .text.pvPortMalloc
                0x08003ca0      0x184 Third-Party/FreeRTOS/org/Source/portable/MemMang/heap_4.o
                0x08003ca0                pvPortMalloc
 .text.vPortFree
                0x08003e24       0xb0 Third-Party/FreeRTOS/org/Source/portable/MemMang/heap_4.o
                0x08003e24                vPortFree
 .text.prvHeapInit
                0x08003ed4       0xc4 Third-Party/FreeRTOS/org/Source/portable/MemMang/heap_4.o
 .text.prvInsertBlockIntoFreeList
                0x08003f98       0xb4 Third-Party/FreeRTOS/org/Source/portable/MemMang/heap_4.o
 .text.NVIC_EnableIRQ
                0x0800404c       0x34 src/main.o
 .text.NVIC_SetPriority
                0x08004080       0x54 src/main.o
 .text.main     0x080040d4      0x120 src/main.o
                0x080040d4                main
 .text.vTask1_menu_display
                0x080041f4       0x38 src/main.o
                0x080041f4                vTask1_menu_display
 .text.vTask2_cmd_handling
                0x0800422c       0x5c src/main.o
                0x0800422c                vTask2_cmd_handling
 .text.vTask3_cmd_processing
                0x08004288       0x90 src/main.o
                0x08004288                vTask3_cmd_processing
 .text.make_led_on
                0x08004318       0x18 src/main.o
                0x08004318                make_led_on
 .text.make_led_off
                0x08004330       0x18 src/main.o
                0x08004330                make_led_off
 .text.led_toggle
                0x08004348       0x1c src/main.o
                0x08004348                led_toggle
 .text.led_toggle_start
                0x08004364       0x70 src/main.o
                0x08004364                led_toggle_start
 .text.led_toggle_stop
                0x080043d4       0x24 src/main.o
                0x080043d4                led_toggle_stop
 .text.read_led_status
                0x080043f8       0x44 src/main.o
                0x080043f8                read_led_status
 .text.read_rtc_info
                0x0800443c       0x14 src/main.o
                0x0800443c                read_rtc_info
 .text.print_error_msg
                0x08004450       0x40 src/main.o
                0x08004450                print_error_msg
 .text.vTask4_uart_write
                0x08004490       0x2c src/main.o
                0x08004490                vTask4_uart_write
 .text.USART2_IRQHandler
                0x080044bc       0xa0 src/main.o
                0x080044bc                USART2_IRQHandler
 .text.prvSetupHardware
                0x0800455c       0x10 src/main.o
 .text.getCommandCode
                0x0800456c       0x1c src/main.o
                0x0800456c                getCommandCode
 .text.getArguments
                0x08004588       0x14 src/main.o
                0x08004588                getArguments
 .text.prvSetupGPIO
                0x0800459c       0x70 src/main.o
 .text.prvSetupUart
                0x0800460c       0xb4 src/main.o
 .text.printmsg
                0x080046c0       0x50 src/main.o
                0x080046c0                printmsg
 .text._sbrk    0x08004710       0x58 src/syscalls.o
                0x08004710                _sbrk
 .text.SystemInit
                0x08004768       0x6c src/system_stm32f4xx.o
                0x08004768                SystemInit
 .text.SystemCoreClockUpdate
                0x080047d4       0xdc src/system_stm32f4xx.o
                0x080047d4                SystemCoreClockUpdate
 .text.SetSysClock
                0x080048b0       0xa0 src/system_stm32f4xx.o
 .text.Reset_Handler
                0x08004950       0x50 startup/startup_stm32f411xe.o
                0x08004950                Reset_Handler
 .text.Default_Handler
                0x080049a0        0x2 startup/startup_stm32f411xe.o
                0x080049a0                RTC_Alarm_IRQHandler
                0x080049a0                EXTI2_IRQHandler
                0x080049a0                DebugMon_Handler
                0x080049a0                SPI4_IRQHandler
                0x080049a0                TIM1_CC_IRQHandler
                0x080049a0                DMA2_Stream5_IRQHandler
                0x080049a0                HardFault_Handler
                0x080049a0                DMA1_Stream5_IRQHandler
                0x080049a0                PVD_IRQHandler
                0x080049a0                SDIO_IRQHandler
                0x080049a0                TAMP_STAMP_IRQHandler
                0x080049a0                NMI_Handler
                0x080049a0                EXTI3_IRQHandler
                0x080049a0                TIM1_UP_TIM10_IRQHandler
                0x080049a0                I2C3_ER_IRQHandler
                0x080049a0                EXTI0_IRQHandler
                0x080049a0                I2C2_EV_IRQHandler
                0x080049a0                DMA1_Stream2_IRQHandler
                0x080049a0                FPU_IRQHandler
                0x080049a0                UsageFault_Handler
                0x080049a0                DMA2_Stream2_IRQHandler
                0x080049a0                SPI1_IRQHandler
                0x080049a0                TIM1_BRK_TIM9_IRQHandler
                0x080049a0                DMA2_Stream3_IRQHandler
                0x080049a0                USART6_IRQHandler
                0x080049a0                DMA2_Stream0_IRQHandler
                0x080049a0                TIM4_IRQHandler
                0x080049a0                I2C1_EV_IRQHandler
                0x080049a0                DMA1_Stream6_IRQHandler
                0x080049a0                DMA1_Stream1_IRQHandler
                0x080049a0                TIM3_IRQHandler
                0x080049a0                RCC_IRQHandler
                0x080049a0                Default_Handler
                0x080049a0                EXTI15_10_IRQHandler
                0x080049a0                ADC_IRQHandler
                0x080049a0                DMA1_Stream7_IRQHandler
                0x080049a0                SPI5_IRQHandler
                0x080049a0                TIM5_IRQHandler
                0x080049a0                DMA2_Stream7_IRQHandler
                0x080049a0                I2C3_EV_IRQHandler
                0x080049a0                EXTI9_5_IRQHandler
                0x080049a0                RTC_WKUP_IRQHandler
                0x080049a0                SPI2_IRQHandler
                0x080049a0                MemManage_Handler
                0x080049a0                DMA1_Stream0_IRQHandler
                0x080049a0                EXTI4_IRQHandler
                0x080049a0                WWDG_IRQHandler
                0x080049a0                TIM2_IRQHandler
                0x080049a0                OTG_FS_WKUP_IRQHandler
                0x080049a0                TIM1_TRG_COM_TIM11_IRQHandler
                0x080049a0                EXTI1_IRQHandler
                0x080049a0                I2C2_ER_IRQHandler
                0x080049a0                DMA2_Stream1_IRQHandler
                0x080049a0                FLASH_IRQHandler
                0x080049a0                DMA2_Stream4_IRQHandler
                0x080049a0                BusFault_Handler
                0x080049a0                USART1_IRQHandler
                0x080049a0                OTG_FS_IRQHandler
                0x080049a0                SPI3_IRQHandler
                0x080049a0                DMA1_Stream4_IRQHandler
                0x080049a0                I2C1_ER_IRQHandler
                0x080049a0                DMA2_Stream6_IRQHandler
                0x080049a0                DMA1_Stream3_IRQHandler
 *fill*         0x080049a2        0x2 
 .text.__errno  0x080049a4        0xc c:/ac6/systemworkbench/plugins/fr.ac6.mcu.externaltools.arm-none.win32_1.17.0.201812190825/tools/compiler/bin/../lib/gcc/arm-none-eabi/7.3.1/../../../../arm-none-eabi/lib/thumb/v7e-m/fpv4-sp/hard\libc.a(lib_a-errno.o)
                0x080049a4                __errno
 .text.__libc_init_array
                0x080049b0       0x48 c:/ac6/systemworkbench/plugins/fr.ac6.mcu.externaltools.arm-none.win32_1.17.0.201812190825/tools/compiler/bin/../lib/gcc/arm-none-eabi/7.3.1/../../../../arm-none-eabi/lib/thumb/v7e-m/fpv4-sp/hard\libc.a(lib_a-init.o)
                0x080049b0                __libc_init_array
 .text.memset   0x080049f8       0x94 c:/ac6/systemworkbench/plugins/fr.ac6.mcu.externaltools.arm-none.win32_1.17.0.201812190825/tools/compiler/bin/../lib/gcc/arm-none-eabi/7.3.1/../../../../arm-none-eabi/lib/thumb/v7e-m/fpv4-sp/hard\libc.a(lib_a-memset.o)
                0x080049f8                memset
 .text.sprintf  0x08004a8c       0x44 c:/ac6/systemworkbench/plugins/fr.ac6.mcu.externaltools.arm-none.win32_1.17.0.201812190825/tools/compiler/bin/../lib/gcc/arm-none-eabi/7.3.1/../../../../arm-none-eabi/lib/thumb/v7e-m/fpv4-sp/hard\libc.a(lib_a-sprintf.o)
                0x08004a8c                sprintf
 .text._svfprintf_r
                0x08004ad0     0x19cc c:/ac6/systemworkbench/plugins/fr.ac6.mcu.externaltools.arm-none.win32_1.17.0.201812190825/tools/compiler/bin/../lib/gcc/arm-none-eabi/7.3.1/../../../../arm-none-eabi/lib/thumb/v7e-m/fpv4-sp/hard\libc.a(lib_a-svfprintf.o)
                0x08004ad0                _svfprintf_r
 .text.startup.register_fini
                0x0800649c       0x14 c:/ac6/systemworkbench/plugins/fr.ac6.mcu.externaltools.arm-none.win32_1.17.0.201812190825/tools/compiler/bin/../lib/gcc/arm-none-eabi/7.3.1/../../../../arm-none-eabi/lib/thumb/v7e-m/fpv4-sp/hard\libc.a(lib_a-__call_atexit.o)
 .text.atexit   0x080064b0        0xc c:/ac6/systemworkbench/plugins/fr.ac6.mcu.externaltools.arm-none.win32_1.17.0.201812190825/tools/compiler/bin/../lib/gcc/arm-none-eabi/7.3.1/../../../../arm-none-eabi/lib/thumb/v7e-m/fpv4-sp/hard\libc.a(lib_a-atexit.o)
                0x080064b0                atexit
 .text.quorem   0x080064bc      0x124 c:/ac6/systemworkbench/plugins/fr.ac6.mcu.externaltools.arm-none.win32_1.17.0.201812190825/tools/compiler/bin/../lib/gcc/arm-none-eabi/7.3.1/../../../../arm-none-eabi/lib/thumb/v7e-m/fpv4-sp/hard\libc.a(lib_a-dtoa.o)
 .text._dtoa_r  0x080065e0      0xe20 c:/ac6/systemworkbench/plugins/fr.ac6.mcu.externaltools.arm-none.win32_1.17.0.201812190825/tools/compiler/bin/../lib/gcc/arm-none-eabi/7.3.1/../../../../arm-none-eabi/lib/thumb/v7e-m/fpv4-sp/hard\libc.a(lib_a-dtoa.o)
                0x080065e0                _dtoa_r
 .text.__libc_fini_array
                0x08007400       0x34 c:/ac6/systemworkbench/plugins/fr.ac6.mcu.externaltools.arm-none.win32_1.17.0.201812190825/tools/compiler/bin/../lib/gcc/arm-none-eabi/7.3.1/../../../../arm-none-eabi/lib/thumb/v7e-m/fpv4-sp/hard\libc.a(lib_a-fini.o)
                0x08007400                __libc_fini_array
 .text._malloc_trim_r
                0x08007434       0xa0 c:/ac6/systemworkbench/plugins/fr.ac6.mcu.externaltools.arm-none.win32_1.17.0.201812190825/tools/compiler/bin/../lib/gcc/arm-none-eabi/7.3.1/../../../../arm-none-eabi/lib/thumb/v7e-m/fpv4-sp/hard\libc.a(lib_a-freer.o)
                0x08007434                _malloc_trim_r
 .text._free_r  0x080074d4      0x1e8 c:/ac6/systemworkbench/plugins/fr.ac6.mcu.externaltools.arm-none.win32_1.17.0.201812190825/tools/compiler/bin/../lib/gcc/arm-none-eabi/7.3.1/../../../../arm-none-eabi/lib/thumb/v7e-m/fpv4-sp/hard\libc.a(lib_a-freer.o)
                0x080074d4                _free_r
 .text._localeconv_r
                0x080076bc       0x1c c:/ac6/systemworkbench/plugins/fr.ac6.mcu.externaltools.arm-none.win32_1.17.0.201812190825/tools/compiler/bin/../lib/gcc/arm-none-eabi/7.3.1/../../../../arm-none-eabi/lib/thumb/v7e-m/fpv4-sp/hard\libc.a(lib_a-localeconv.o)
                0x080076bc                _localeconv_r
 .text.__retarget_lock_acquire_recursive
                0x080076d8        0x4 c:/ac6/systemworkbench/plugins/fr.ac6.mcu.externaltools.arm-none.win32_1.17.0.201812190825/tools/compiler/bin/../lib/gcc/arm-none-eabi/7.3.1/../../../../arm-none-eabi/lib/thumb/v7e-m/fpv4-sp/hard\libc.a(lib_a-lock.o)
                0x080076d8                __retarget_lock_acquire_recursive
 .text.__retarget_lock_release_recursive
                0x080076dc        0x4 c:/ac6/systemworkbench/plugins/fr.ac6.mcu.externaltools.arm-none.win32_1.17.0.201812190825/tools/compiler/bin/../lib/gcc/arm-none-eabi/7.3.1/../../../../arm-none-eabi/lib/thumb/v7e-m/fpv4-sp/hard\libc.a(lib_a-lock.o)
                0x080076dc                __retarget_lock_release_recursive
 .text._malloc_r
                0x080076e0      0x548 c:/ac6/systemworkbench/plugins/fr.ac6.mcu.externaltools.arm-none.win32_1.17.0.201812190825/tools/compiler/bin/../lib/gcc/arm-none-eabi/7.3.1/../../../../arm-none-eabi/lib/thumb/v7e-m/fpv4-sp/hard\libc.a(lib_a-mallocr.o)
                0x080076e0                _malloc_r
 .text.__malloc_lock
                0x08007c28        0xc c:/ac6/systemworkbench/plugins/fr.ac6.mcu.externaltools.arm-none.win32_1.17.0.201812190825/tools/compiler/bin/../lib/gcc/arm-none-eabi/7.3.1/../../../../arm-none-eabi/lib/thumb/v7e-m/fpv4-sp/hard\libc.a(lib_a-mlock.o)
                0x08007c28                __malloc_lock
 .text.__malloc_unlock
                0x08007c34        0xc c:/ac6/systemworkbench/plugins/fr.ac6.mcu.externaltools.arm-none.win32_1.17.0.201812190825/tools/compiler/bin/../lib/gcc/arm-none-eabi/7.3.1/../../../../arm-none-eabi/lib/thumb/v7e-m/fpv4-sp/hard\libc.a(lib_a-mlock.o)
                0x08007c34                __malloc_unlock
 .text._Balloc  0x08007c40       0x4c c:/ac6/systemworkbench/plugins/fr.ac6.mcu.externaltools.arm-none.win32_1.17.0.201812190825/tools/compiler/bin/../lib/gcc/arm-none-eabi/7.3.1/../../../../arm-none-eabi/lib/thumb/v7e-m/fpv4-sp/hard\libc.a(lib_a-mprec.o)
                0x08007c40                _Balloc
 .text._Bfree   0x08007c8c       0x14 c:/ac6/systemworkbench/plugins/fr.ac6.mcu.externaltools.arm-none.win32_1.17.0.201812190825/tools/compiler/bin/../lib/gcc/arm-none-eabi/7.3.1/../../../../arm-none-eabi/lib/thumb/v7e-m/fpv4-sp/hard\libc.a(lib_a-mprec.o)
                0x08007c8c                _Bfree
 .text.__multadd
                0x08007ca0       0x80 c:/ac6/systemworkbench/plugins/fr.ac6.mcu.externaltools.arm-none.win32_1.17.0.201812190825/tools/compiler/bin/../lib/gcc/arm-none-eabi/7.3.1/../../../../arm-none-eabi/lib/thumb/v7e-m/fpv4-sp/hard\libc.a(lib_a-mprec.o)
                0x08007ca0                __multadd
 .text.__hi0bits
                0x08007d20       0x40 c:/ac6/systemworkbench/plugins/fr.ac6.mcu.externaltools.arm-none.win32_1.17.0.201812190825/tools/compiler/bin/../lib/gcc/arm-none-eabi/7.3.1/../../../../arm-none-eabi/lib/thumb/v7e-m/fpv4-sp/hard\libc.a(lib_a-mprec.o)
                0x08007d20                __hi0bits
 .text.__lo0bits
                0x08007d60       0x60 c:/ac6/systemworkbench/plugins/fr.ac6.mcu.externaltools.arm-none.win32_1.17.0.201812190825/tools/compiler/bin/../lib/gcc/arm-none-eabi/7.3.1/../../../../arm-none-eabi/lib/thumb/v7e-m/fpv4-sp/hard\libc.a(lib_a-mprec.o)
                0x08007d60                __lo0bits
 .text.__i2b    0x08007dc0       0x14 c:/ac6/systemworkbench/plugins/fr.ac6.mcu.externaltools.arm-none.win32_1.17.0.201812190825/tools/compiler/bin/../lib/gcc/arm-none-eabi/7.3.1/../../../../arm-none-eabi/lib/thumb/v7e-m/fpv4-sp/hard\libc.a(lib_a-mprec.o)
                0x08007dc0                __i2b
 .text.__multiply
                0x08007dd4      0x14c c:/ac6/systemworkbench/plugins/fr.ac6.mcu.externaltools.arm-none.win32_1.17.0.201812190825/tools/compiler/bin/../lib/gcc/arm-none-eabi/7.3.1/../../../../arm-none-eabi/lib/thumb/v7e-m/fpv4-sp/hard\libc.a(lib_a-mprec.o)
                0x08007dd4                __multiply
 .text.__pow5mult
                0x08007f20       0xa0 c:/ac6/systemworkbench/plugins/fr.ac6.mcu.externaltools.arm-none.win32_1.17.0.201812190825/tools/compiler/bin/../lib/gcc/arm-none-eabi/7.3.1/../../../../arm-none-eabi/lib/thumb/v7e-m/fpv4-sp/hard\libc.a(lib_a-mprec.o)
                0x08007f20                __pow5mult
 .text.__lshift
                0x08007fc0       0xac c:/ac6/systemworkbench/plugins/fr.ac6.mcu.externaltools.arm-none.win32_1.17.0.201812190825/tools/compiler/bin/../lib/gcc/arm-none-eabi/7.3.1/../../../../arm-none-eabi/lib/thumb/v7e-m/fpv4-sp/hard\libc.a(lib_a-mprec.o)
                0x08007fc0                __lshift
 .text.__mcmp   0x0800806c       0x38 c:/ac6/systemworkbench/plugins/fr.ac6.mcu.externaltools.arm-none.win32_1.17.0.201812190825/tools/compiler/bin/../lib/gcc/arm-none-eabi/7.3.1/../../../../arm-none-eabi/lib/thumb/v7e-m/fpv4-sp/hard\libc.a(lib_a-mprec.o)
                0x0800806c                __mcmp
 .text.__mdiff  0x080080a4       0xec c:/ac6/systemworkbench/plugins/fr.ac6.mcu.externaltools.arm-none.win32_1.17.0.201812190825/tools/compiler/bin/../lib/gcc/arm-none-eabi/7.3.1/../../../../arm-none-eabi/lib/thumb/v7e-m/fpv4-sp/hard\libc.a(lib_a-mprec.o)
                0x080080a4                __mdiff
 .text.__d2b    0x08008190       0xc4 c:/ac6/systemworkbench/plugins/fr.ac6.mcu.externaltools.arm-none.win32_1.17.0.201812190825/tools/compiler/bin/../lib/gcc/arm-none-eabi/7.3.1/../../../../arm-none-eabi/lib/thumb/v7e-m/fpv4-sp/hard\libc.a(lib_a-mprec.o)
                0x08008190                __d2b
 .text.frexp    0x08008254       0x68 c:/ac6/systemworkbench/plugins/fr.ac6.mcu.externaltools.arm-none.win32_1.17.0.201812190825/tools/compiler/bin/../lib/gcc/arm-none-eabi/7.3.1/../../../../arm-none-eabi/lib/thumb/v7e-m/fpv4-sp/hard\libc.a(lib_a-s_frexp.o)
                0x08008254                frexp
 .text._sbrk_r  0x080082bc       0x24 c:/ac6/systemworkbench/plugins/fr.ac6.mcu.externaltools.arm-none.win32_1.17.0.201812190825/tools/compiler/bin/../lib/gcc/arm-none-eabi/7.3.1/../../../../arm-none-eabi/lib/thumb/v7e-m/fpv4-sp/hard\libc.a(lib_a-sbrkr.o)
                0x080082bc                _sbrk_r
 .text.strncpy  0x080082e0       0x64 c:/ac6/systemworkbench/plugins/fr.ac6.mcu.externaltools.arm-none.win32_1.17.0.201812190825/tools/compiler/bin/../lib/gcc/arm-none-eabi/7.3.1/../../../../arm-none-eabi/lib/thumb/v7e-m/fpv4-sp/hard\libc.a(lib_a-strncpy.o)
                0x080082e0                strncpy
 .text.__ssprint_r
                0x08008344       0xf4 c:/ac6/systemworkbench/plugins/fr.ac6.mcu.externaltools.arm-none.win32_1.17.0.201812190825/tools/compiler/bin/../lib/gcc/arm-none-eabi/7.3.1/../../../../arm-none-eabi/lib/thumb/v7e-m/fpv4-sp/hard\libc.a(lib_a-svfiprintf.o)
                0x08008344                __ssprint_r
 .text.__register_exitproc
                0x08008438       0xc0 c:/ac6/systemworkbench/plugins/fr.ac6.mcu.externaltools.arm-none.win32_1.17.0.201812190825/tools/compiler/bin/../lib/gcc/arm-none-eabi/7.3.1/../../../../arm-none-eabi/lib/thumb/v7e-m/fpv4-sp/hard\libc.a(lib_a-__atexit.o)
                0x08008438                __register_exitproc
 .text._calloc_r
                0x080084f8       0x68 c:/ac6/systemworkbench/plugins/fr.ac6.mcu.externaltools.arm-none.win32_1.17.0.201812190825/tools/compiler/bin/../lib/gcc/arm-none-eabi/7.3.1/../../../../arm-none-eabi/lib/thumb/v7e-m/fpv4-sp/hard\libc.a(lib_a-callocr.o)
                0x080084f8                _calloc_r
 .text.__ascii_mbtowc
                0x08008560       0x2c c:/ac6/systemworkbench/plugins/fr.ac6.mcu.externaltools.arm-none.win32_1.17.0.201812190825/tools/compiler/bin/../lib/gcc/arm-none-eabi/7.3.1/../../../../arm-none-eabi/lib/thumb/v7e-m/fpv4-sp/hard\libc.a(lib_a-mbtowc_r.o)
                0x08008560                __ascii_mbtowc
 .text.memmove  0x0800858c       0xc8 c:/ac6/systemworkbench/plugins/fr.ac6.mcu.externaltools.arm-none.win32_1.17.0.201812190825/tools/compiler/bin/../lib/gcc/arm-none-eabi/7.3.1/../../../../arm-none-eabi/lib/thumb/v7e-m/fpv4-sp/hard\libc.a(lib_a-memmove.o)
                0x0800858c                memmove
 .text._realloc_r
                0x08008654      0x35c c:/ac6/systemworkbench/plugins/fr.ac6.mcu.externaltools.arm-none.win32_1.17.0.201812190825/tools/compiler/bin/../lib/gcc/arm-none-eabi/7.3.1/../../../../arm-none-eabi/lib/thumb/v7e-m/fpv4-sp/hard\libc.a(lib_a-reallocr.o)
                0x08008654                _realloc_r
 .text.__ascii_wctomb
                0x080089b0       0x1c c:/ac6/systemworkbench/plugins/fr.ac6.mcu.externaltools.arm-none.win32_1.17.0.201812190825/tools/compiler/bin/../lib/gcc/arm-none-eabi/7.3.1/../../../../arm-none-eabi/lib/thumb/v7e-m/fpv4-sp/hard\libc.a(lib_a-wctomb_r.o)
                0x080089b0                __ascii_wctomb
 *(.glue_7)
 .glue_7        0x080089cc        0x0 linker stubs
 *(.glue_7t)
 .glue_7t       0x080089cc        0x0 linker stubs
 *(.eh_frame)
 .eh_frame      0x080089cc        0x0 c:/ac6/systemworkbench/plugins/fr.ac6.mcu.externaltools.arm-none.win32_1.17.0.201812190825/tools/compiler/bin/../lib/gcc/arm-none-eabi/7.3.1/thumb/v7e-m/fpv4-sp/hard/crtbegin.o
 *(.init)
 .init          0x080089cc        0x4 c:/ac6/systemworkbench/plugins/fr.ac6.mcu.externaltools.arm-none.win32_1.17.0.201812190825/tools/compiler/bin/../lib/gcc/arm-none-eabi/7.3.1/thumb/v7e-m/fpv4-sp/hard/crti.o
                0x080089cc                _init
 .init          0x080089d0        0x8 c:/ac6/systemworkbench/plugins/fr.ac6.mcu.externaltools.arm-none.win32_1.17.0.201812190825/tools/compiler/bin/../lib/gcc/arm-none-eabi/7.3.1/thumb/v7e-m/fpv4-sp/hard/crtn.o
 *(.fini)
 .fini          0x080089d8        0x4 c:/ac6/systemworkbench/plugins/fr.ac6.mcu.externaltools.arm-none.win32_1.17.0.201812190825/tools/compiler/bin/../lib/gcc/arm-none-eabi/7.3.1/thumb/v7e-m/fpv4-sp/hard/crti.o
                0x080089d8                _fini
 .fini          0x080089dc        0x8 c:/ac6/systemworkbench/plugins/fr.ac6.mcu.externaltools.arm-none.win32_1.17.0.201812190825/tools/compiler/bin/../lib/gcc/arm-none-eabi/7.3.1/thumb/v7e-m/fpv4-sp/hard/crtn.o
                0x080089e4                . = ALIGN (0x4)
                0x080089e4                _etext = .

.vfp11_veneer   0x080089e4        0x0
 .vfp11_veneer  0x080089e4        0x0 linker stubs

.v4_bx          0x080089e4        0x0
 .v4_bx         0x080089e4        0x0 linker stubs

.iplt           0x080089e4        0x0
 .iplt          0x080089e4        0x0 c:/ac6/systemworkbench/plugins/fr.ac6.mcu.externaltools.arm-none.win32_1.17.0.201812190825/tools/compiler/bin/../lib/gcc/arm-none-eabi/7.3.1/thumb/v7e-m/fpv4-sp/hard/crtbegin.o

.rodata         0x080089e8      0x348
                0x080089e8                . = ALIGN (0x4)
 *(.rodata)
 .rodata        0x080089e8        0x5 Third-Party/FreeRTOS/org/Source/tasks.o
 *fill*         0x080089ed        0x3 
 .rodata        0x080089f0        0xd Third-Party/FreeRTOS/org/Source/timers.o
 *fill*         0x080089fd        0x3 
 .rodata        0x08008a00       0xa8 src/main.o
 *(.rodata*)
 .rodata._global_impure_ptr
                0x08008aa8        0x4 c:/ac6/systemworkbench/plugins/fr.ac6.mcu.externaltools.arm-none.win32_1.17.0.201812190825/tools/compiler/bin/../lib/gcc/arm-none-eabi/7.3.1/../../../../arm-none-eabi/lib/thumb/v7e-m/fpv4-sp/hard\libc.a(lib_a-impure.o)
                0x08008aa8                _global_impure_ptr
 .rodata._svfprintf_r.str1.4
                0x08008aac       0x42 c:/ac6/systemworkbench/plugins/fr.ac6.mcu.externaltools.arm-none.win32_1.17.0.201812190825/tools/compiler/bin/../lib/gcc/arm-none-eabi/7.3.1/../../../../arm-none-eabi/lib/thumb/v7e-m/fpv4-sp/hard\libc.a(lib_a-svfprintf.o)
 *fill*         0x08008aee        0x2 
 .rodata.blanks.8590
                0x08008af0       0x10 c:/ac6/systemworkbench/plugins/fr.ac6.mcu.externaltools.arm-none.win32_1.17.0.201812190825/tools/compiler/bin/../lib/gcc/arm-none-eabi/7.3.1/../../../../arm-none-eabi/lib/thumb/v7e-m/fpv4-sp/hard\libc.a(lib_a-svfprintf.o)
 .rodata.zeroes.8591
                0x08008b00       0x10 c:/ac6/systemworkbench/plugins/fr.ac6.mcu.externaltools.arm-none.win32_1.17.0.201812190825/tools/compiler/bin/../lib/gcc/arm-none-eabi/7.3.1/../../../../arm-none-eabi/lib/thumb/v7e-m/fpv4-sp/hard\libc.a(lib_a-svfprintf.o)
 .rodata._dtoa_r.str1.4
                0x08008b10       0x10 c:/ac6/systemworkbench/plugins/fr.ac6.mcu.externaltools.arm-none.win32_1.17.0.201812190825/tools/compiler/bin/../lib/gcc/arm-none-eabi/7.3.1/../../../../arm-none-eabi/lib/thumb/v7e-m/fpv4-sp/hard\libc.a(lib_a-dtoa.o)
                                 0x12 (size before relaxing)
 .rodata.__mprec_bigtens
                0x08008b20       0x28 c:/ac6/systemworkbench/plugins/fr.ac6.mcu.externaltools.arm-none.win32_1.17.0.201812190825/tools/compiler/bin/../lib/gcc/arm-none-eabi/7.3.1/../../../../arm-none-eabi/lib/thumb/v7e-m/fpv4-sp/hard\libc.a(lib_a-mprec.o)
                0x08008b20                __mprec_bigtens
 .rodata.__mprec_tens
                0x08008b48       0xc8 c:/ac6/systemworkbench/plugins/fr.ac6.mcu.externaltools.arm-none.win32_1.17.0.201812190825/tools/compiler/bin/../lib/gcc/arm-none-eabi/7.3.1/../../../../arm-none-eabi/lib/thumb/v7e-m/fpv4-sp/hard\libc.a(lib_a-mprec.o)
                0x08008b48                __mprec_tens
 .rodata.p05.7367
                0x08008c10        0xc c:/ac6/systemworkbench/plugins/fr.ac6.mcu.externaltools.arm-none.win32_1.17.0.201812190825/tools/compiler/bin/../lib/gcc/arm-none-eabi/7.3.1/../../../../arm-none-eabi/lib/thumb/v7e-m/fpv4-sp/hard\libc.a(lib_a-mprec.o)
 .rodata._setlocale_r.str1.4
                0x08008c1c        0xa c:/ac6/systemworkbench/plugins/fr.ac6.mcu.externaltools.arm-none.win32_1.17.0.201812190825/tools/compiler/bin/../lib/gcc/arm-none-eabi/7.3.1/../../../../arm-none-eabi/lib/thumb/v7e-m/fpv4-sp/hard\libc.a(lib_a-locale.o)
                                  0xd (size before relaxing)
 *fill*         0x08008c26        0x2 
 .rodata.str1.4
                0x08008c28        0x4 c:/ac6/systemworkbench/plugins/fr.ac6.mcu.externaltools.arm-none.win32_1.17.0.201812190825/tools/compiler/bin/../lib/gcc/arm-none-eabi/7.3.1/../../../../arm-none-eabi/lib/thumb/v7e-m/fpv4-sp/hard\libc.a(lib_a-locale.o)
                                  0x2 (size before relaxing)
 .rodata._ctype_
                0x08008c2c      0x101 c:/ac6/systemworkbench/plugins/fr.ac6.mcu.externaltools.arm-none.win32_1.17.0.201812190825/tools/compiler/bin/../lib/gcc/arm-none-eabi/7.3.1/../../../../arm-none-eabi/lib/thumb/v7e-m/fpv4-sp/hard\libc.a(lib_a-ctype_.o)
                0x08008c2c                _ctype_
                0x08008d30                . = ALIGN (0x4)
 *fill*         0x08008d2d        0x3 

.ARM.extab
 *(.ARM.extab* .gnu.linkonce.armextab.*)

.ARM            0x08008d30        0x8
                0x08008d30                __exidx_start = .
 *(.ARM.exidx*)
 .ARM.exidx     0x08008d30        0x8 c:/ac6/systemworkbench/plugins/fr.ac6.mcu.externaltools.arm-none.win32_1.17.0.201812190825/tools/compiler/bin/../lib/gcc/arm-none-eabi/7.3.1/thumb/v7e-m/fpv4-sp/hard\libgcc.a(_udivmoddi4.o)
                0x08008d38                __exidx_end = .

.rel.dyn        0x08008d38        0x0
 .rel.iplt      0x08008d38        0x0 c:/ac6/systemworkbench/plugins/fr.ac6.mcu.externaltools.arm-none.win32_1.17.0.201812190825/tools/compiler/bin/../lib/gcc/arm-none-eabi/7.3.1/thumb/v7e-m/fpv4-sp/hard/crtbegin.o

.preinit_array  0x08008d38        0x0
                0x08008d38                PROVIDE (__preinit_array_start = .)
 *(.preinit_array*)
                0x08008d38                PROVIDE (__preinit_array_end = .)

.init_array     0x08008d38        0x8
                0x08008d38                PROVIDE (__init_array_start = .)
 *(SORT_BY_NAME(.init_array.*))
 .init_array.00000
                0x08008d38        0x4 c:/ac6/systemworkbench/plugins/fr.ac6.mcu.externaltools.arm-none.win32_1.17.0.201812190825/tools/compiler/bin/../lib/gcc/arm-none-eabi/7.3.1/../../../../arm-none-eabi/lib/thumb/v7e-m/fpv4-sp/hard\libc.a(lib_a-__call_atexit.o)
 *(.init_array*)
 .init_array    0x08008d3c        0x4 c:/ac6/systemworkbench/plugins/fr.ac6.mcu.externaltools.arm-none.win32_1.17.0.201812190825/tools/compiler/bin/../lib/gcc/arm-none-eabi/7.3.1/thumb/v7e-m/fpv4-sp/hard/crtbegin.o
                0x08008d40                PROVIDE (__init_array_end = .)

.fini_array     0x08008d40        0x4
                0x08008d40                PROVIDE (__fini_array_start = .)
 *(SORT_BY_NAME(.fini_array.*))
 *(.fini_array*)
 .fini_array    0x08008d40        0x4 c:/ac6/systemworkbench/plugins/fr.ac6.mcu.externaltools.arm-none.win32_1.17.0.201812190825/tools/compiler/bin/../lib/gcc/arm-none-eabi/7.3.1/thumb/v7e-m/fpv4-sp/hard/crtbegin.o
                0x08008d44                PROVIDE (__fini_array_end = .)
                0x08008d44                _sidata = LOADADDR (.data)

.data           0x20000000      0xa88 load address 0x08008d44
                0x20000000                . = ALIGN (0x4)
                0x20000000                _sdata = .
 *(.data)
 .data          0x20000000       0x10 StdPeriph_Driver/src/stm32f4xx_rcc.o
 .data          0x20000010        0x4 Third-Party/FreeRTOS/org/Source/portable/GCC/ARM_CM4F/port.o
 .data          0x20000014       0xb4 src/main.o
                0x20000014                menu
 .data          0x200000c8       0x14 src/system_stm32f4xx.o
                0x200000c8                SystemCoreClock
                0x200000cc                AHBPrescTable
 *(.data*)
 .data._impure_ptr
                0x200000dc        0x4 c:/ac6/systemworkbench/plugins/fr.ac6.mcu.externaltools.arm-none.win32_1.17.0.201812190825/tools/compiler/bin/../lib/gcc/arm-none-eabi/7.3.1/../../../../arm-none-eabi/lib/thumb/v7e-m/fpv4-sp/hard\libc.a(lib_a-impure.o)
                0x200000dc                _impure_ptr
 .data.impure_data
                0x200000e0      0x428 c:/ac6/systemworkbench/plugins/fr.ac6.mcu.externaltools.arm-none.win32_1.17.0.201812190825/tools/compiler/bin/../lib/gcc/arm-none-eabi/7.3.1/../../../../arm-none-eabi/lib/thumb/v7e-m/fpv4-sp/hard\libc.a(lib_a-impure.o)
 .data.__atexit_recursive_mutex
                0x20000508        0x4 c:/ac6/systemworkbench/plugins/fr.ac6.mcu.externaltools.arm-none.win32_1.17.0.201812190825/tools/compiler/bin/../lib/gcc/arm-none-eabi/7.3.1/../../../../arm-none-eabi/lib/thumb/v7e-m/fpv4-sp/hard\libc.a(lib_a-__call_atexit.o)
                0x20000508                __atexit_recursive_mutex
 .data.__malloc_av_
                0x2000050c      0x408 c:/ac6/systemworkbench/plugins/fr.ac6.mcu.externaltools.arm-none.win32_1.17.0.201812190825/tools/compiler/bin/../lib/gcc/arm-none-eabi/7.3.1/../../../../arm-none-eabi/lib/thumb/v7e-m/fpv4-sp/hard\libc.a(lib_a-mallocr.o)
                0x2000050c                __malloc_av_
 .data.__malloc_sbrk_base
                0x20000914        0x4 c:/ac6/systemworkbench/plugins/fr.ac6.mcu.externaltools.arm-none.win32_1.17.0.201812190825/tools/compiler/bin/../lib/gcc/arm-none-eabi/7.3.1/../../../../arm-none-eabi/lib/thumb/v7e-m/fpv4-sp/hard\libc.a(lib_a-mallocr.o)
                0x20000914                __malloc_sbrk_base
 .data.__malloc_trim_threshold
                0x20000918        0x4 c:/ac6/systemworkbench/plugins/fr.ac6.mcu.externaltools.arm-none.win32_1.17.0.201812190825/tools/compiler/bin/../lib/gcc/arm-none-eabi/7.3.1/../../../../arm-none-eabi/lib/thumb/v7e-m/fpv4-sp/hard\libc.a(lib_a-mallocr.o)
                0x20000918                __malloc_trim_threshold
 .data.__global_locale
                0x2000091c      0x16c c:/ac6/systemworkbench/plugins/fr.ac6.mcu.externaltools.arm-none.win32_1.17.0.201812190825/tools/compiler/bin/../lib/gcc/arm-none-eabi/7.3.1/../../../../arm-none-eabi/lib/thumb/v7e-m/fpv4-sp/hard\libc.a(lib_a-locale.o)
                0x2000091c                __global_locale
                0x20000a88                . = ALIGN (0x4)
                0x20000a88                _edata = .

.igot.plt       0x20000a88        0x0 load address 0x080097cc
 .igot.plt      0x20000a88        0x0 c:/ac6/systemworkbench/plugins/fr.ac6.mcu.externaltools.arm-none.win32_1.17.0.201812190825/tools/compiler/bin/../lib/gcc/arm-none-eabi/7.3.1/thumb/v7e-m/fpv4-sp/hard/crtbegin.o
                0x20000a88                . = ALIGN (0x4)

.bss            0x20000a88    0x12f50 load address 0x080097cc
                0x20000a88                _sbss = .
                0x20000a88                __bss_start__ = _sbss
 *(.bss)
 .bss           0x20000a88       0x1c c:/ac6/systemworkbench/plugins/fr.ac6.mcu.externaltools.arm-none.win32_1.17.0.201812190825/tools/compiler/bin/../lib/gcc/arm-none-eabi/7.3.1/thumb/v7e-m/fpv4-sp/hard/crtbegin.o
 .bss           0x20000aa4      0x104 Third-Party/FreeRTOS/org/Source/tasks.o
                0x20000aa4                pxCurrentTCB
 .bss           0x20000ba8       0x3c Third-Party/FreeRTOS/org/Source/timers.o
 .bss           0x20000be4        0x8 Third-Party/FreeRTOS/org/Source/portable/GCC/ARM_CM4F/port.o
 .bss           0x20000bec    0x12c18 Third-Party/FreeRTOS/org/Source/portable/MemMang/heap_4.o
 .bss           0x20013804      0x11c src/main.o
                0x20013804                usr_msg
                0x20013900                xTaskHandle1
                0x20013904                xTaskHandle2
                0x20013908                xTaskHandle3
                0x2001390c                xTaskHandle4
                0x20013910                command_queue
                0x20013914                uart_write_queue
                0x20013918                command_len
                0x2001391c                led_timer_handle
 .bss           0x20013920        0x8 src/syscalls.o
                0x20013920                __env
 *(.bss*)
 .bss.__malloc_current_mallinfo
                0x20013928       0x28 c:/ac6/systemworkbench/plugins/fr.ac6.mcu.externaltools.arm-none.win32_1.17.0.201812190825/tools/compiler/bin/../lib/gcc/arm-none-eabi/7.3.1/../../../../arm-none-eabi/lib/thumb/v7e-m/fpv4-sp/hard\libc.a(lib_a-mallocr.o)
                0x20013928                __malloc_current_mallinfo
 .bss.__malloc_max_sbrked_mem
                0x20013950        0x4 c:/ac6/systemworkbench/plugins/fr.ac6.mcu.externaltools.arm-none.win32_1.17.0.201812190825/tools/compiler/bin/../lib/gcc/arm-none-eabi/7.3.1/../../../../arm-none-eabi/lib/thumb/v7e-m/fpv4-sp/hard\libc.a(lib_a-mallocr.o)
                0x20013950                __malloc_max_sbrked_mem
 .bss.__malloc_max_total_mem
                0x20013954        0x4 c:/ac6/systemworkbench/plugins/fr.ac6.mcu.externaltools.arm-none.win32_1.17.0.201812190825/tools/compiler/bin/../lib/gcc/arm-none-eabi/7.3.1/../../../../arm-none-eabi/lib/thumb/v7e-m/fpv4-sp/hard\libc.a(lib_a-mallocr.o)
                0x20013954                __malloc_max_total_mem
 .bss.__malloc_top_pad
                0x20013958        0x4 c:/ac6/systemworkbench/plugins/fr.ac6.mcu.externaltools.arm-none.win32_1.17.0.201812190825/tools/compiler/bin/../lib/gcc/arm-none-eabi/7.3.1/../../../../arm-none-eabi/lib/thumb/v7e-m/fpv4-sp/hard\libc.a(lib_a-mallocr.o)
                0x20013958                __malloc_top_pad
 *(COMMON)
 COMMON         0x2001395c       0x40 Third-Party/FreeRTOS/org/Source/queue.o
                0x2001395c                xQueueRegistry
 COMMON         0x2001399c       0x14 src/main.o
                0x2001399c                command_buffer
 COMMON         0x200139b0       0x21 c:/ac6/systemworkbench/plugins/fr.ac6.mcu.externaltools.arm-none.win32_1.17.0.201812190825/tools/compiler/bin/../lib/gcc/arm-none-eabi/7.3.1/../../../../arm-none-eabi/lib/thumb/v7e-m/fpv4-sp/hard\libc.a(lib_a-lock.o)
                0x200139b0                __lock___atexit_recursive_mutex
                0x200139b4                __lock___arc4random_mutex
                0x200139b8                __lock___env_recursive_mutex
                0x200139bc                __lock___sinit_recursive_mutex
                0x200139c0                __lock___malloc_recursive_mutex
                0x200139c4                __lock___at_quick_exit_mutex
                0x200139c8                __lock___dd_hash_mutex
                0x200139cc                __lock___tz_mutex
                0x200139d0                __lock___sfp_recursive_mutex
 *fill*         0x200139d1        0x3 
 COMMON         0x200139d4        0x4 c:/ac6/systemworkbench/plugins/fr.ac6.mcu.externaltools.arm-none.win32_1.17.0.201812190825/tools/compiler/bin/../lib/gcc/arm-none-eabi/7.3.1/../../../../arm-none-eabi/lib/thumb/v7e-m/fpv4-sp/hard\libc.a(lib_a-reent.o)
                0x200139d4                errno
                0x200139d8                . = ALIGN (0x4)
                0x200139d8                _ebss = .
                0x200139d8                __bss_end__ = _ebss

._user_heap_stack
                0x200139d8      0x600 load address 0x080097cc
                0x200139d8                . = ALIGN (0x8)
                0x200139d8                PROVIDE (end = .)
                [!provide]                PROVIDE (_end = .)
                0x20013bd8                . = (. + _Min_Heap_Size)
 *fill*         0x200139d8      0x200 
                0x20013fd8                . = (. + _Min_Stack_Size)
 *fill*         0x20013bd8      0x400 
                0x20013fd8                . = ALIGN (0x8)

/DISCARD/
 libc.a(*)
 libm.a(*)
 libgcc.a(*)

.ARM.attributes
                0x00000000       0x30
 *(.ARM.attributes)
 .ARM.attributes
                0x00000000       0x22 c:/ac6/systemworkbench/plugins/fr.ac6.mcu.externaltools.arm-none.win32_1.17.0.201812190825/tools/compiler/bin/../lib/gcc/arm-none-eabi/7.3.1/thumb/v7e-m/fpv4-sp/hard/crti.o
 .ARM.attributes
                0x00000022       0x34 c:/ac6/systemworkbench/plugins/fr.ac6.mcu.externaltools.arm-none.win32_1.17.0.201812190825/tools/compiler/bin/../lib/gcc/arm-none-eabi/7.3.1/thumb/v7e-m/fpv4-sp/hard/crtbegin.o
 .ARM.attributes
                0x00000056       0x39 StdPeriph_Driver/src/stm32f4xx_gpio.o
 .ARM.attributes
                0x0000008f       0x39 StdPeriph_Driver/src/stm32f4xx_rcc.o
 .ARM.attributes
                0x000000c8       0x39 StdPeriph_Driver/src/stm32f4xx_usart.o
 .ARM.attributes
                0x00000101       0x39 Third-Party/FreeRTOS/org/Source/list.o
 .ARM.attributes
                0x0000013a       0x39 Third-Party/FreeRTOS/org/Source/queue.o
 .ARM.attributes
                0x00000173       0x39 Third-Party/FreeRTOS/org/Source/tasks.o
 .ARM.attributes
                0x000001ac       0x39 Third-Party/FreeRTOS/org/Source/timers.o
 .ARM.attributes
                0x000001e5       0x39 Third-Party/FreeRTOS/org/Source/portable/GCC/ARM_CM4F/port.o
 .ARM.attributes
                0x0000021e       0x39 Third-Party/FreeRTOS/org/Source/portable/MemMang/heap_4.o
 .ARM.attributes
                0x00000257       0x39 src/main.o
 .ARM.attributes
                0x00000290       0x39 src/syscalls.o
 .ARM.attributes
                0x000002c9       0x39 src/system_stm32f4xx.o
 .ARM.attributes
                0x00000302       0x21 startup/startup_stm32f411xe.o
 .ARM.attributes
                0x00000323       0x34 c:/ac6/systemworkbench/plugins/fr.ac6.mcu.externaltools.arm-none.win32_1.17.0.201812190825/tools/compiler/bin/../lib/gcc/arm-none-eabi/7.3.1/../../../../arm-none-eabi/lib/thumb/v7e-m/fpv4-sp/hard\libc.a(lib_a-errno.o)
 .ARM.attributes
                0x00000357       0x34 c:/ac6/systemworkbench/plugins/fr.ac6.mcu.externaltools.arm-none.win32_1.17.0.201812190825/tools/compiler/bin/../lib/gcc/arm-none-eabi/7.3.1/../../../../arm-none-eabi/lib/thumb/v7e-m/fpv4-sp/hard\libc.a(lib_a-impure.o)
 .ARM.attributes
                0x0000038b       0x34 c:/ac6/systemworkbench/plugins/fr.ac6.mcu.externaltools.arm-none.win32_1.17.0.201812190825/tools/compiler/bin/../lib/gcc/arm-none-eabi/7.3.1/../../../../arm-none-eabi/lib/thumb/v7e-m/fpv4-sp/hard\libc.a(lib_a-init.o)
 .ARM.attributes
                0x000003bf       0x20 c:/ac6/systemworkbench/plugins/fr.ac6.mcu.externaltools.arm-none.win32_1.17.0.201812190825/tools/compiler/bin/../lib/gcc/arm-none-eabi/7.3.1/../../../../arm-none-eabi/lib/thumb/v7e-m/fpv4-sp/hard\libc.a(lib_a-memcpy.o)
 .ARM.attributes
                0x000003df       0x34 c:/ac6/systemworkbench/plugins/fr.ac6.mcu.externaltools.arm-none.win32_1.17.0.201812190825/tools/compiler/bin/../lib/gcc/arm-none-eabi/7.3.1/../../../../arm-none-eabi/lib/thumb/v7e-m/fpv4-sp/hard\libc.a(lib_a-memset.o)
 .ARM.attributes
                0x00000413       0x34 c:/ac6/systemworkbench/plugins/fr.ac6.mcu.externaltools.arm-none.win32_1.17.0.201812190825/tools/compiler/bin/../lib/gcc/arm-none-eabi/7.3.1/../../../../arm-none-eabi/lib/thumb/v7e-m/fpv4-sp/hard\libc.a(lib_a-sprintf.o)
 .ARM.attributes
                0x00000447       0x20 c:/ac6/systemworkbench/plugins/fr.ac6.mcu.externaltools.arm-none.win32_1.17.0.201812190825/tools/compiler/bin/../lib/gcc/arm-none-eabi/7.3.1/../../../../arm-none-eabi/lib/thumb/v7e-m/fpv4-sp/hard\libc.a(lib_a-strlen.o)
 .ARM.attributes
                0x00000467       0x34 c:/ac6/systemworkbench/plugins/fr.ac6.mcu.externaltools.arm-none.win32_1.17.0.201812190825/tools/compiler/bin/../lib/gcc/arm-none-eabi/7.3.1/../../../../arm-none-eabi/lib/thumb/v7e-m/fpv4-sp/hard\libc.a(lib_a-svfprintf.o)
 .ARM.attributes
                0x0000049b       0x34 c:/ac6/systemworkbench/plugins/fr.ac6.mcu.externaltools.arm-none.win32_1.17.0.201812190825/tools/compiler/bin/../lib/gcc/arm-none-eabi/7.3.1/../../../../arm-none-eabi/lib/thumb/v7e-m/fpv4-sp/hard\libc.a(lib_a-__call_atexit.o)
 .ARM.attributes
                0x000004cf       0x34 c:/ac6/systemworkbench/plugins/fr.ac6.mcu.externaltools.arm-none.win32_1.17.0.201812190825/tools/compiler/bin/../lib/gcc/arm-none-eabi/7.3.1/../../../../arm-none-eabi/lib/thumb/v7e-m/fpv4-sp/hard\libc.a(lib_a-atexit.o)
 .ARM.attributes
                0x00000503       0x34 c:/ac6/systemworkbench/plugins/fr.ac6.mcu.externaltools.arm-none.win32_1.17.0.201812190825/tools/compiler/bin/../lib/gcc/arm-none-eabi/7.3.1/../../../../arm-none-eabi/lib/thumb/v7e-m/fpv4-sp/hard\libc.a(lib_a-dtoa.o)
 .ARM.attributes
                0x00000537       0x34 c:/ac6/systemworkbench/plugins/fr.ac6.mcu.externaltools.arm-none.win32_1.17.0.201812190825/tools/compiler/bin/../lib/gcc/arm-none-eabi/7.3.1/../../../../arm-none-eabi/lib/thumb/v7e-m/fpv4-sp/hard\libc.a(lib_a-fini.o)
 .ARM.attributes
                0x0000056b       0x34 c:/ac6/systemworkbench/plugins/fr.ac6.mcu.externaltools.arm-none.win32_1.17.0.201812190825/tools/compiler/bin/../lib/gcc/arm-none-eabi/7.3.1/../../../../arm-none-eabi/lib/thumb/v7e-m/fpv4-sp/hard\libc.a(lib_a-freer.o)
 .ARM.attributes
                0x0000059f       0x34 c:/ac6/systemworkbench/plugins/fr.ac6.mcu.externaltools.arm-none.win32_1.17.0.201812190825/tools/compiler/bin/../lib/gcc/arm-none-eabi/7.3.1/../../../../arm-none-eabi/lib/thumb/v7e-m/fpv4-sp/hard\libc.a(lib_a-localeconv.o)
 .ARM.attributes
                0x000005d3       0x34 c:/ac6/systemworkbench/plugins/fr.ac6.mcu.externaltools.arm-none.win32_1.17.0.201812190825/tools/compiler/bin/../lib/gcc/arm-none-eabi/7.3.1/../../../../arm-none-eabi/lib/thumb/v7e-m/fpv4-sp/hard\libc.a(lib_a-lock.o)
 .ARM.attributes
                0x00000607       0x34 c:/ac6/systemworkbench/plugins/fr.ac6.mcu.externaltools.arm-none.win32_1.17.0.201812190825/tools/compiler/bin/../lib/gcc/arm-none-eabi/7.3.1/../../../../arm-none-eabi/lib/thumb/v7e-m/fpv4-sp/hard\libc.a(lib_a-mallocr.o)
 .ARM.attributes
                0x0000063b       0x20 c:/ac6/systemworkbench/plugins/fr.ac6.mcu.externaltools.arm-none.win32_1.17.0.201812190825/tools/compiler/bin/../lib/gcc/arm-none-eabi/7.3.1/../../../../arm-none-eabi/lib/thumb/v7e-m/fpv4-sp/hard\libc.a(lib_a-memchr.o)
 .ARM.attributes
                0x0000065b       0x34 c:/ac6/systemworkbench/plugins/fr.ac6.mcu.externaltools.arm-none.win32_1.17.0.201812190825/tools/compiler/bin/../lib/gcc/arm-none-eabi/7.3.1/../../../../arm-none-eabi/lib/thumb/v7e-m/fpv4-sp/hard\libc.a(lib_a-mlock.o)
 .ARM.attributes
                0x0000068f       0x34 c:/ac6/systemworkbench/plugins/fr.ac6.mcu.externaltools.arm-none.win32_1.17.0.201812190825/tools/compiler/bin/../lib/gcc/arm-none-eabi/7.3.1/../../../../arm-none-eabi/lib/thumb/v7e-m/fpv4-sp/hard\libc.a(lib_a-mprec.o)
 .ARM.attributes
                0x000006c3       0x34 c:/ac6/systemworkbench/plugins/fr.ac6.mcu.externaltools.arm-none.win32_1.17.0.201812190825/tools/compiler/bin/../lib/gcc/arm-none-eabi/7.3.1/../../../../arm-none-eabi/lib/thumb/v7e-m/fpv4-sp/hard\libc.a(lib_a-s_frexp.o)
 .ARM.attributes
                0x000006f7       0x34 c:/ac6/systemworkbench/plugins/fr.ac6.mcu.externaltools.arm-none.win32_1.17.0.201812190825/tools/compiler/bin/../lib/gcc/arm-none-eabi/7.3.1/../../../../arm-none-eabi/lib/thumb/v7e-m/fpv4-sp/hard\libc.a(lib_a-sbrkr.o)
 .ARM.attributes
                0x0000072b       0x34 c:/ac6/systemworkbench/plugins/fr.ac6.mcu.externaltools.arm-none.win32_1.17.0.201812190825/tools/compiler/bin/../lib/gcc/arm-none-eabi/7.3.1/../../../../arm-none-eabi/lib/thumb/v7e-m/fpv4-sp/hard\libc.a(lib_a-strncpy.o)
 .ARM.attributes
                0x0000075f       0x34 c:/ac6/systemworkbench/plugins/fr.ac6.mcu.externaltools.arm-none.win32_1.17.0.201812190825/tools/compiler/bin/../lib/gcc/arm-none-eabi/7.3.1/../../../../arm-none-eabi/lib/thumb/v7e-m/fpv4-sp/hard\libc.a(lib_a-svfiprintf.o)
 .ARM.attributes
                0x00000793       0x34 c:/ac6/systemworkbench/plugins/fr.ac6.mcu.externaltools.arm-none.win32_1.17.0.201812190825/tools/compiler/bin/../lib/gcc/arm-none-eabi/7.3.1/../../../../arm-none-eabi/lib/thumb/v7e-m/fpv4-sp/hard\libc.a(lib_a-__atexit.o)
 .ARM.attributes
                0x000007c7       0x34 c:/ac6/systemworkbench/plugins/fr.ac6.mcu.externaltools.arm-none.win32_1.17.0.201812190825/tools/compiler/bin/../lib/gcc/arm-none-eabi/7.3.1/../../../../arm-none-eabi/lib/thumb/v7e-m/fpv4-sp/hard\libc.a(lib_a-callocr.o)
 .ARM.attributes
                0x000007fb       0x34 c:/ac6/systemworkbench/plugins/fr.ac6.mcu.externaltools.arm-none.win32_1.17.0.201812190825/tools/compiler/bin/../lib/gcc/arm-none-eabi/7.3.1/../../../../arm-none-eabi/lib/thumb/v7e-m/fpv4-sp/hard\libc.a(lib_a-locale.o)
 .ARM.attributes
                0x0000082f       0x34 c:/ac6/systemworkbench/plugins/fr.ac6.mcu.externaltools.arm-none.win32_1.17.0.201812190825/tools/compiler/bin/../lib/gcc/arm-none-eabi/7.3.1/../../../../arm-none-eabi/lib/thumb/v7e-m/fpv4-sp/hard\libc.a(lib_a-mbtowc_r.o)
 .ARM.attributes
                0x00000863       0x34 c:/ac6/systemworkbench/plugins/fr.ac6.mcu.externaltools.arm-none.win32_1.17.0.201812190825/tools/compiler/bin/../lib/gcc/arm-none-eabi/7.3.1/../../../../arm-none-eabi/lib/thumb/v7e-m/fpv4-sp/hard\libc.a(lib_a-memmove.o)
 .ARM.attributes
                0x00000897       0x34 c:/ac6/systemworkbench/plugins/fr.ac6.mcu.externaltools.arm-none.win32_1.17.0.201812190825/tools/compiler/bin/../lib/gcc/arm-none-eabi/7.3.1/../../../../arm-none-eabi/lib/thumb/v7e-m/fpv4-sp/hard\libc.a(lib_a-reallocr.o)
 .ARM.attributes
                0x000008cb       0x34 c:/ac6/systemworkbench/plugins/fr.ac6.mcu.externaltools.arm-none.win32_1.17.0.201812190825/tools/compiler/bin/../lib/gcc/arm-none-eabi/7.3.1/../../../../arm-none-eabi/lib/thumb/v7e-m/fpv4-sp/hard\libc.a(lib_a-reent.o)
 .ARM.attributes
                0x000008ff       0x34 c:/ac6/systemworkbench/plugins/fr.ac6.mcu.externaltools.arm-none.win32_1.17.0.201812190825/tools/compiler/bin/../lib/gcc/arm-none-eabi/7.3.1/../../../../arm-none-eabi/lib/thumb/v7e-m/fpv4-sp/hard\libc.a(lib_a-wctomb_r.o)
 .ARM.attributes
                0x00000933       0x34 c:/ac6/systemworkbench/plugins/fr.ac6.mcu.externaltools.arm-none.win32_1.17.0.201812190825/tools/compiler/bin/../lib/gcc/arm-none-eabi/7.3.1/../../../../arm-none-eabi/lib/thumb/v7e-m/fpv4-sp/hard\libc.a(lib_a-ctype_.o)
 .ARM.attributes
                0x00000967       0x22 c:/ac6/systemworkbench/plugins/fr.ac6.mcu.externaltools.arm-none.win32_1.17.0.201812190825/tools/compiler/bin/../lib/gcc/arm-none-eabi/7.3.1/thumb/v7e-m/fpv4-sp/hard\libgcc.a(_arm_addsubdf3.o)
 .ARM.attributes
                0x00000989       0x22 c:/ac6/systemworkbench/plugins/fr.ac6.mcu.externaltools.arm-none.win32_1.17.0.201812190825/tools/compiler/bin/../lib/gcc/arm-none-eabi/7.3.1/thumb/v7e-m/fpv4-sp/hard\libgcc.a(_arm_muldivdf3.o)
 .ARM.attributes
                0x000009ab       0x22 c:/ac6/systemworkbench/plugins/fr.ac6.mcu.externaltools.arm-none.win32_1.17.0.201812190825/tools/compiler/bin/../lib/gcc/arm-none-eabi/7.3.1/thumb/v7e-m/fpv4-sp/hard\libgcc.a(_arm_cmpdf2.o)
 .ARM.attributes
                0x000009cd       0x22 c:/ac6/systemworkbench/plugins/fr.ac6.mcu.externaltools.arm-none.win32_1.17.0.201812190825/tools/compiler/bin/../lib/gcc/arm-none-eabi/7.3.1/thumb/v7e-m/fpv4-sp/hard\libgcc.a(_arm_unorddf2.o)
 .ARM.attributes
                0x000009ef       0x22 c:/ac6/systemworkbench/plugins/fr.ac6.mcu.externaltools.arm-none.win32_1.17.0.201812190825/tools/compiler/bin/../lib/gcc/arm-none-eabi/7.3.1/thumb/v7e-m/fpv4-sp/hard\libgcc.a(_arm_fixdfsi.o)
 .ARM.attributes
                0x00000a11       0x22 c:/ac6/systemworkbench/plugins/fr.ac6.mcu.externaltools.arm-none.win32_1.17.0.201812190825/tools/compiler/bin/../lib/gcc/arm-none-eabi/7.3.1/thumb/v7e-m/fpv4-sp/hard\libgcc.a(_aeabi_uldivmod.o)
 .ARM.attributes
                0x00000a33       0x34 c:/ac6/systemworkbench/plugins/fr.ac6.mcu.externaltools.arm-none.win32_1.17.0.201812190825/tools/compiler/bin/../lib/gcc/arm-none-eabi/7.3.1/thumb/v7e-m/fpv4-sp/hard\libgcc.a(_udivmoddi4.o)
 .ARM.attributes
                0x00000a67       0x22 c:/ac6/systemworkbench/plugins/fr.ac6.mcu.externaltools.arm-none.win32_1.17.0.201812190825/tools/compiler/bin/../lib/gcc/arm-none-eabi/7.3.1/thumb/v7e-m/fpv4-sp/hard\libgcc.a(_dvmd_tls.o)
 .ARM.attributes
                0x00000a89       0x22 c:/ac6/systemworkbench/plugins/fr.ac6.mcu.externaltools.arm-none.win32_1.17.0.201812190825/tools/compiler/bin/../lib/gcc/arm-none-eabi/7.3.1/thumb/v7e-m/fpv4-sp/hard/crtn.o
OUTPUT(FreeRTIS-Queue.elf elf32-littlearm)

.debug_info     0x00000000     0xbfca
 .debug_info    0x00000000      0x62b StdPeriph_Driver/src/stm32f4xx_gpio.o
 .debug_info    0x0000062b      0xd6d StdPeriph_Driver/src/stm32f4xx_rcc.o
 .debug_info    0x00001398      0x9d4 StdPeriph_Driver/src/stm32f4xx_usart.o
 .debug_info    0x00001d6c      0xadb Third-Party/FreeRTOS/org/Source/list.o
 .debug_info    0x00002847     0x1f36 Third-Party/FreeRTOS/org/Source/queue.o
 .debug_info    0x0000477d     0x27c4 Third-Party/FreeRTOS/org/Source/tasks.o
 .debug_info    0x00006f41     0x1407 Third-Party/FreeRTOS/org/Source/timers.o
 .debug_info    0x00008348      0x533 Third-Party/FreeRTOS/org/Source/portable/GCC/ARM_CM4F/port.o
 .debug_info    0x0000887b      0xbfc Third-Party/FreeRTOS/org/Source/portable/MemMang/heap_4.o
 .debug_info    0x00009477     0x1645 src/main.o
 .debug_info    0x0000aabc      0xf2e src/syscalls.o
 .debug_info    0x0000b9ea      0x5be src/system_stm32f4xx.o
 .debug_info    0x0000bfa8       0x22 startup/startup_stm32f411xe.o

.debug_abbrev   0x00000000     0x1d7d
 .debug_abbrev  0x00000000      0x1bf StdPeriph_Driver/src/stm32f4xx_gpio.o
 .debug_abbrev  0x000001bf      0x1d4 StdPeriph_Driver/src/stm32f4xx_rcc.o
 .debug_abbrev  0x00000393      0x187 StdPeriph_Driver/src/stm32f4xx_usart.o
 .debug_abbrev  0x0000051a      0x205 Third-Party/FreeRTOS/org/Source/list.o
 .debug_abbrev  0x0000071f      0x352 Third-Party/FreeRTOS/org/Source/queue.o
 .debug_abbrev  0x00000a71      0x395 Third-Party/FreeRTOS/org/Source/tasks.o
 .debug_abbrev  0x00000e06      0x2fe Third-Party/FreeRTOS/org/Source/timers.o
 .debug_abbrev  0x00001104      0x210 Third-Party/FreeRTOS/org/Source/portable/GCC/ARM_CM4F/port.o
 .debug_abbrev  0x00001314      0x2d4 Third-Party/FreeRTOS/org/Source/portable/MemMang/heap_4.o
 .debug_abbrev  0x000015e8      0x3a1 src/main.o
 .debug_abbrev  0x00001989      0x2aa src/syscalls.o
 .debug_abbrev  0x00001c33      0x138 src/system_stm32f4xx.o
 .debug_abbrev  0x00001d6b       0x12 startup/startup_stm32f411xe.o

.debug_aranges  0x00000000      0x9f8
 .debug_aranges
                0x00000000       0x88 StdPeriph_Driver/src/stm32f4xx_gpio.o
 .debug_aranges
                0x00000088      0x198 StdPeriph_Driver/src/stm32f4xx_rcc.o
 .debug_aranges
                0x00000220      0x100 StdPeriph_Driver/src/stm32f4xx_usart.o
 .debug_aranges
                0x00000320       0x40 Third-Party/FreeRTOS/org/Source/list.o
 .debug_aranges
                0x00000360      0x130 Third-Party/FreeRTOS/org/Source/queue.o
 .debug_aranges
                0x00000490      0x1f8 Third-Party/FreeRTOS/org/Source/tasks.o
 .debug_aranges
                0x00000688       0xc8 Third-Party/FreeRTOS/org/Source/timers.o
 .debug_aranges
                0x00000750       0x80 Third-Party/FreeRTOS/org/Source/portable/GCC/ARM_CM4F/port.o
 .debug_aranges
                0x000007d0       0x50 Third-Party/FreeRTOS/org/Source/portable/MemMang/heap_4.o
 .debug_aranges
                0x00000820       0xd0 src/main.o
 .debug_aranges
                0x000008f0       0xb0 src/syscalls.o
 .debug_aranges
                0x000009a0       0x30 src/system_stm32f4xx.o
 .debug_aranges
                0x000009d0       0x28 startup/startup_stm32f411xe.o

.debug_ranges   0x00000000      0x930
 .debug_ranges  0x00000000       0x78 StdPeriph_Driver/src/stm32f4xx_gpio.o
 .debug_ranges  0x00000078      0x188 StdPeriph_Driver/src/stm32f4xx_rcc.o
 .debug_ranges  0x00000200       0xf0 StdPeriph_Driver/src/stm32f4xx_usart.o
 .debug_ranges  0x000002f0       0x30 Third-Party/FreeRTOS/org/Source/list.o
 .debug_ranges  0x00000320      0x120 Third-Party/FreeRTOS/org/Source/queue.o
 .debug_ranges  0x00000440      0x1e8 Third-Party/FreeRTOS/org/Source/tasks.o
 .debug_ranges  0x00000628       0xb8 Third-Party/FreeRTOS/org/Source/timers.o
 .debug_ranges  0x000006e0       0x70 Third-Party/FreeRTOS/org/Source/portable/GCC/ARM_CM4F/port.o
 .debug_ranges  0x00000750       0x40 Third-Party/FreeRTOS/org/Source/portable/MemMang/heap_4.o
 .debug_ranges  0x00000790       0xc0 src/main.o
 .debug_ranges  0x00000850       0xa0 src/syscalls.o
 .debug_ranges  0x000008f0       0x20 src/system_stm32f4xx.o
 .debug_ranges  0x00000910       0x20 startup/startup_stm32f411xe.o

.debug_macro    0x00000000     0x2b4e
 .debug_macro   0x00000000      0x18f StdPeriph_Driver/src/stm32f4xx_gpio.o
 .debug_macro   0x0000018f      0x2ee StdPeriph_Driver/src/stm32f4xx_gpio.o
 .debug_macro   0x0000047d      0x25e StdPeriph_Driver/src/stm32f4xx_rcc.o
 .debug_macro   0x000006db      0x1a7 StdPeriph_Driver/src/stm32f4xx_usart.o
 .debug_macro   0x00000882      0x21d StdPeriph_Driver/src/stm32f4xx_usart.o
 .debug_macro   0x00000a9f      0x17a Third-Party/FreeRTOS/org/Source/list.o
 .debug_macro   0x00000c19      0x204 Third-Party/FreeRTOS/org/Source/queue.o
 .debug_macro   0x00000e1d       0x16 Third-Party/FreeRTOS/org/Source/queue.o
 .debug_macro   0x00000e33       0x35 Third-Party/FreeRTOS/org/Source/queue.o
 .debug_macro   0x00000e68       0x80 Third-Party/FreeRTOS/org/Source/queue.o
 .debug_macro   0x00000ee8      0x275 Third-Party/FreeRTOS/org/Source/tasks.o
 .debug_macro   0x0000115d       0x10 Third-Party/FreeRTOS/org/Source/tasks.o
 .debug_macro   0x0000116d      0x1bd Third-Party/FreeRTOS/org/Source/timers.o
 .debug_macro   0x0000132a       0x97 Third-Party/FreeRTOS/org/Source/timers.o
 .debug_macro   0x000013c1      0x196 Third-Party/FreeRTOS/org/Source/portable/GCC/ARM_CM4F/port.o
 .debug_macro   0x00001557      0x1a1 Third-Party/FreeRTOS/org/Source/portable/MemMang/heap_4.o
 .debug_macro   0x000016f8      0x3b4 src/main.o
 .debug_macro   0x00001aac       0x16 src/main.o
 .debug_macro   0x00001ac2       0x97 src/main.o
 .debug_macro   0x00001b59       0xfd src/main.o
 .debug_macro   0x00001c56       0x10 src/main.o
 .debug_macro   0x00001c66       0x10 src/main.o
 .debug_macro   0x00001c76       0x1c src/main.o
 .debug_macro   0x00001c92       0x52 src/main.o
 .debug_macro   0x00001ce4       0x40 src/main.o
 .debug_macro   0x00001d24       0x10 src/main.o
 .debug_macro   0x00001d34       0x40 src/main.o
 .debug_macro   0x00001d74       0xd7 src/main.o
 .debug_macro   0x00001e4b       0x1c src/main.o
 .debug_macro   0x00001e67       0x3d src/main.o
 .debug_macro   0x00001ea4       0x16 src/main.o
 .debug_macro   0x00001eba      0x16f src/main.o
 .debug_macro   0x00002029      0x112 src/main.o
 .debug_macro   0x0000213b      0x243 src/syscalls.o
 .debug_macro   0x0000237e       0x10 src/syscalls.o
 .debug_macro   0x0000238e       0x10 src/syscalls.o
 .debug_macro   0x0000239e       0x10 src/syscalls.o
 .debug_macro   0x000023ae       0x35 src/syscalls.o
 .debug_macro   0x000023e3      0x122 src/syscalls.o
 .debug_macro   0x00002505       0x10 src/syscalls.o
 .debug_macro   0x00002515      0x241 src/syscalls.o
 .debug_macro   0x00002756       0x1c src/syscalls.o
 .debug_macro   0x00002772       0x10 src/syscalls.o
 .debug_macro   0x00002782      0x189 src/syscalls.o
 .debug_macro   0x0000290b       0x16 src/syscalls.o
 .debug_macro   0x00002921       0x88 src/syscalls.o
 .debug_macro   0x000029a9      0x1a5 src/system_stm32f4xx.o

.debug_line     0x00000000     0x6b93
 .debug_line    0x00000000      0x716 StdPeriph_Driver/src/stm32f4xx_gpio.o
 .debug_line    0x00000716      0x9a0 StdPeriph_Driver/src/stm32f4xx_rcc.o
 .debug_line    0x000010b6      0x85c StdPeriph_Driver/src/stm32f4xx_usart.o
 .debug_line    0x00001912      0x559 Third-Party/FreeRTOS/org/Source/list.o
 .debug_line    0x00001e6b      0xea7 Third-Party/FreeRTOS/org/Source/queue.o
 .debug_line    0x00002d12     0x11fb Third-Party/FreeRTOS/org/Source/tasks.o
 .debug_line    0x00003f0d      0x899 Third-Party/FreeRTOS/org/Source/timers.o
 .debug_line    0x000047a6      0x68c Third-Party/FreeRTOS/org/Source/portable/GCC/ARM_CM4F/port.o
 .debug_line    0x00004e32      0x63f Third-Party/FreeRTOS/org/Source/portable/MemMang/heap_4.o
 .debug_line    0x00005471      0xadd src/main.o
 .debug_line    0x00005f4e      0x5df src/syscalls.o
 .debug_line    0x0000652d      0x5e7 src/system_stm32f4xx.o
 .debug_line    0x00006b14       0x7f startup/startup_stm32f411xe.o

.debug_str      0x00000000    0x61536
 .debug_str     0x00000000    0x5309d StdPeriph_Driver/src/stm32f4xx_gpio.o
                              0x5329c (size before relaxing)
 .debug_str     0x0005309d      0xd09 StdPeriph_Driver/src/stm32f4xx_rcc.o
                              0x53cfb (size before relaxing)
 .debug_str     0x00053da6      0x53a StdPeriph_Driver/src/stm32f4xx_usart.o
                              0x535af (size before relaxing)
 .debug_str     0x000542e0     0x6662 Third-Party/FreeRTOS/org/Source/list.o
                               0xa38a (size before relaxing)
 .debug_str     0x0005a942     0x15ef Third-Party/FreeRTOS/org/Source/queue.o
                               0xb96c (size before relaxing)
 .debug_str     0x0005bf31     0x1ce8 Third-Party/FreeRTOS/org/Source/tasks.o
                               0xc7c4 (size before relaxing)
 .debug_str     0x0005dc19      0x47f Third-Party/FreeRTOS/org/Source/timers.o
                               0xbd28 (size before relaxing)
 .debug_str     0x0005e098      0x7fb Third-Party/FreeRTOS/org/Source/portable/GCC/ARM_CM4F/port.o
                               0x8454 (size before relaxing)
 .debug_str     0x0005e893      0x249 Third-Party/FreeRTOS/org/Source/portable/MemMang/heap_4.o
                               0xaaad (size before relaxing)
 .debug_str     0x0005eadc     0x19f4 src/main.o
                              0x5c680 (size before relaxing)
 .debug_str     0x000604d0      0xf89 src/syscalls.o
                               0x85a9 (size before relaxing)
 .debug_str     0x00061459       0xae src/system_stm32f4xx.o
                              0x531bc (size before relaxing)
 .debug_str     0x00061507       0x2f startup/startup_stm32f411xe.o
                                 0x62 (size before relaxing)

.comment        0x00000000       0x7f
 .comment       0x00000000       0x7f StdPeriph_Driver/src/stm32f4xx_gpio.o
                                 0x80 (size before relaxing)
 .comment       0x0000007f       0x80 StdPeriph_Driver/src/stm32f4xx_rcc.o
 .comment       0x0000007f       0x80 StdPeriph_Driver/src/stm32f4xx_usart.o
 .comment       0x0000007f       0x80 Third-Party/FreeRTOS/org/Source/list.o
 .comment       0x0000007f       0x80 Third-Party/FreeRTOS/org/Source/queue.o
 .comment       0x0000007f       0x80 Third-Party/FreeRTOS/org/Source/tasks.o
 .comment       0x0000007f       0x80 Third-Party/FreeRTOS/org/Source/timers.o
 .comment       0x0000007f       0x80 Third-Party/FreeRTOS/org/Source/portable/GCC/ARM_CM4F/port.o
 .comment       0x0000007f       0x80 Third-Party/FreeRTOS/org/Source/portable/MemMang/heap_4.o
 .comment       0x0000007f       0x80 src/main.o
 .comment       0x0000007f       0x80 src/syscalls.o
 .comment       0x0000007f       0x80 src/system_stm32f4xx.o

.debug_frame    0x00000000     0x35e4
 .debug_frame   0x00000000      0x23c StdPeriph_Driver/src/stm32f4xx_gpio.o
 .debug_frame   0x0000023c      0x774 StdPeriph_Driver/src/stm32f4xx_rcc.o
 .debug_frame   0x000009b0      0x490 StdPeriph_Driver/src/stm32f4xx_usart.o
 .debug_frame   0x00000e40       0xd8 Third-Party/FreeRTOS/org/Source/list.o
 .debug_frame   0x00000f18      0x530 Third-Party/FreeRTOS/org/Source/queue.o
 .debug_frame   0x00001448      0x8a4 Third-Party/FreeRTOS/org/Source/tasks.o
 .debug_frame   0x00001cec      0x340 Third-Party/FreeRTOS/org/Source/timers.o
 .debug_frame   0x0000202c      0x1a8 Third-Party/FreeRTOS/org/Source/portable/GCC/ARM_CM4F/port.o
 .debug_frame   0x000021d4      0x108 Third-Party/FreeRTOS/org/Source/portable/MemMang/heap_4.o
 .debug_frame   0x000022dc      0x344 src/main.o
 .debug_frame   0x00002620      0x2d0 src/syscalls.o
 .debug_frame   0x000028f0       0x74 src/system_stm32f4xx.o
 .debug_frame   0x00002964       0x20 c:/ac6/systemworkbench/plugins/fr.ac6.mcu.externaltools.arm-none.win32_1.17.0.201812190825/tools/compiler/bin/../lib/gcc/arm-none-eabi/7.3.1/../../../../arm-none-eabi/lib/thumb/v7e-m/fpv4-sp/hard\libc.a(lib_a-errno.o)
 .debug_frame   0x00002984       0x2c c:/ac6/systemworkbench/plugins/fr.ac6.mcu.externaltools.arm-none.win32_1.17.0.201812190825/tools/compiler/bin/../lib/gcc/arm-none-eabi/7.3.1/../../../../arm-none-eabi/lib/thumb/v7e-m/fpv4-sp/hard\libc.a(lib_a-init.o)
 .debug_frame   0x000029b0       0x38 c:/ac6/systemworkbench/plugins/fr.ac6.mcu.externaltools.arm-none.win32_1.17.0.201812190825/tools/compiler/bin/../lib/gcc/arm-none-eabi/7.3.1/../../../../arm-none-eabi/lib/thumb/v7e-m/fpv4-sp/hard\libc.a(lib_a-memset.o)
 .debug_frame   0x000029e8       0x80 c:/ac6/systemworkbench/plugins/fr.ac6.mcu.externaltools.arm-none.win32_1.17.0.201812190825/tools/compiler/bin/../lib/gcc/arm-none-eabi/7.3.1/../../../../arm-none-eabi/lib/thumb/v7e-m/fpv4-sp/hard\libc.a(lib_a-sprintf.o)
 .debug_frame   0x00002a68       0x40 c:/ac6/systemworkbench/plugins/fr.ac6.mcu.externaltools.arm-none.win32_1.17.0.201812190825/tools/compiler/bin/../lib/gcc/arm-none-eabi/7.3.1/../../../../arm-none-eabi/lib/thumb/v7e-m/fpv4-sp/hard\libc.a(lib_a-svfprintf.o)
 .debug_frame   0x00002aa8       0x5c c:/ac6/systemworkbench/plugins/fr.ac6.mcu.externaltools.arm-none.win32_1.17.0.201812190825/tools/compiler/bin/../lib/gcc/arm-none-eabi/7.3.1/../../../../arm-none-eabi/lib/thumb/v7e-m/fpv4-sp/hard\libc.a(lib_a-__call_atexit.o)
 .debug_frame   0x00002b04       0x20 c:/ac6/systemworkbench/plugins/fr.ac6.mcu.externaltools.arm-none.win32_1.17.0.201812190825/tools/compiler/bin/../lib/gcc/arm-none-eabi/7.3.1/../../../../arm-none-eabi/lib/thumb/v7e-m/fpv4-sp/hard\libc.a(lib_a-atexit.o)
 .debug_frame   0x00002b24       0x88 c:/ac6/systemworkbench/plugins/fr.ac6.mcu.externaltools.arm-none.win32_1.17.0.201812190825/tools/compiler/bin/../lib/gcc/arm-none-eabi/7.3.1/../../../../arm-none-eabi/lib/thumb/v7e-m/fpv4-sp/hard\libc.a(lib_a-dtoa.o)
 .debug_frame   0x00002bac       0x34 c:/ac6/systemworkbench/plugins/fr.ac6.mcu.externaltools.arm-none.win32_1.17.0.201812190825/tools/compiler/bin/../lib/gcc/arm-none-eabi/7.3.1/../../../../arm-none-eabi/lib/thumb/v7e-m/fpv4-sp/hard\libc.a(lib_a-fini.o)
 .debug_frame   0x00002be0       0x80 c:/ac6/systemworkbench/plugins/fr.ac6.mcu.externaltools.arm-none.win32_1.17.0.201812190825/tools/compiler/bin/../lib/gcc/arm-none-eabi/7.3.1/../../../../arm-none-eabi/lib/thumb/v7e-m/fpv4-sp/hard\libc.a(lib_a-freer.o)
 .debug_frame   0x00002c60       0x40 c:/ac6/systemworkbench/plugins/fr.ac6.mcu.externaltools.arm-none.win32_1.17.0.201812190825/tools/compiler/bin/../lib/gcc/arm-none-eabi/7.3.1/../../../../arm-none-eabi/lib/thumb/v7e-m/fpv4-sp/hard\libc.a(lib_a-localeconv.o)
 .debug_frame   0x00002ca0       0xb0 c:/ac6/systemworkbench/plugins/fr.ac6.mcu.externaltools.arm-none.win32_1.17.0.201812190825/tools/compiler/bin/../lib/gcc/arm-none-eabi/7.3.1/../../../../arm-none-eabi/lib/thumb/v7e-m/fpv4-sp/hard\libc.a(lib_a-lock.o)
 .debug_frame   0x00002d50       0x54 c:/ac6/systemworkbench/plugins/fr.ac6.mcu.externaltools.arm-none.win32_1.17.0.201812190825/tools/compiler/bin/../lib/gcc/arm-none-eabi/7.3.1/../../../../arm-none-eabi/lib/thumb/v7e-m/fpv4-sp/hard\libc.a(lib_a-mallocr.o)
 .debug_frame   0x00002da4       0x30 c:/ac6/systemworkbench/plugins/fr.ac6.mcu.externaltools.arm-none.win32_1.17.0.201812190825/tools/compiler/bin/../lib/gcc/arm-none-eabi/7.3.1/../../../../arm-none-eabi/lib/thumb/v7e-m/fpv4-sp/hard\libc.a(lib_a-mlock.o)
 .debug_frame   0x00002dd4      0x25c c:/ac6/systemworkbench/plugins/fr.ac6.mcu.externaltools.arm-none.win32_1.17.0.201812190825/tools/compiler/bin/../lib/gcc/arm-none-eabi/7.3.1/../../../../arm-none-eabi/lib/thumb/v7e-m/fpv4-sp/hard\libc.a(lib_a-mprec.o)
 .debug_frame   0x00003030       0x2c c:/ac6/systemworkbench/plugins/fr.ac6.mcu.externaltools.arm-none.win32_1.17.0.201812190825/tools/compiler/bin/../lib/gcc/arm-none-eabi/7.3.1/../../../../arm-none-eabi/lib/thumb/v7e-m/fpv4-sp/hard\libc.a(lib_a-s_frexp.o)
 .debug_frame   0x0000305c       0x2c c:/ac6/systemworkbench/plugins/fr.ac6.mcu.externaltools.arm-none.win32_1.17.0.201812190825/tools/compiler/bin/../lib/gcc/arm-none-eabi/7.3.1/../../../../arm-none-eabi/lib/thumb/v7e-m/fpv4-sp/hard\libc.a(lib_a-sbrkr.o)
 .debug_frame   0x00003088       0x34 c:/ac6/systemworkbench/plugins/fr.ac6.mcu.externaltools.arm-none.win32_1.17.0.201812190825/tools/compiler/bin/../lib/gcc/arm-none-eabi/7.3.1/../../../../arm-none-eabi/lib/thumb/v7e-m/fpv4-sp/hard\libc.a(lib_a-strncpy.o)
 .debug_frame   0x000030bc       0x74 c:/ac6/systemworkbench/plugins/fr.ac6.mcu.externaltools.arm-none.win32_1.17.0.201812190825/tools/compiler/bin/../lib/gcc/arm-none-eabi/7.3.1/../../../../arm-none-eabi/lib/thumb/v7e-m/fpv4-sp/hard\libc.a(lib_a-svfiprintf.o)
 .debug_frame   0x00003130       0x34 c:/ac6/systemworkbench/plugins/fr.ac6.mcu.externaltools.arm-none.win32_1.17.0.201812190825/tools/compiler/bin/../lib/gcc/arm-none-eabi/7.3.1/../../../../arm-none-eabi/lib/thumb/v7e-m/fpv4-sp/hard\libc.a(lib_a-__atexit.o)
 .debug_frame   0x00003164       0x28 c:/ac6/systemworkbench/plugins/fr.ac6.mcu.externaltools.arm-none.win32_1.17.0.201812190825/tools/compiler/bin/../lib/gcc/arm-none-eabi/7.3.1/../../../../arm-none-eabi/lib/thumb/v7e-m/fpv4-sp/hard\libc.a(lib_a-callocr.o)
 .debug_frame   0x0000318c       0x6c c:/ac6/systemworkbench/plugins/fr.ac6.mcu.externaltools.arm-none.win32_1.17.0.201812190825/tools/compiler/bin/../lib/gcc/arm-none-eabi/7.3.1/../../../../arm-none-eabi/lib/thumb/v7e-m/fpv4-sp/hard\libc.a(lib_a-locale.o)
 .debug_frame   0x000031f8       0x4c c:/ac6/systemworkbench/plugins/fr.ac6.mcu.externaltools.arm-none.win32_1.17.0.201812190825/tools/compiler/bin/../lib/gcc/arm-none-eabi/7.3.1/../../../../arm-none-eabi/lib/thumb/v7e-m/fpv4-sp/hard\libc.a(lib_a-mbtowc_r.o)
 .debug_frame   0x00003244       0x40 c:/ac6/systemworkbench/plugins/fr.ac6.mcu.externaltools.arm-none.win32_1.17.0.201812190825/tools/compiler/bin/../lib/gcc/arm-none-eabi/7.3.1/../../../../arm-none-eabi/lib/thumb/v7e-m/fpv4-sp/hard\libc.a(lib_a-memmove.o)
 .debug_frame   0x00003284       0x58 c:/ac6/systemworkbench/plugins/fr.ac6.mcu.externaltools.arm-none.win32_1.17.0.201812190825/tools/compiler/bin/../lib/gcc/arm-none-eabi/7.3.1/../../../../arm-none-eabi/lib/thumb/v7e-m/fpv4-sp/hard\libc.a(lib_a-reallocr.o)
 .debug_frame   0x000032dc       0x68 c:/ac6/systemworkbench/plugins/fr.ac6.mcu.externaltools.arm-none.win32_1.17.0.201812190825/tools/compiler/bin/../lib/gcc/arm-none-eabi/7.3.1/../../../../arm-none-eabi/lib/thumb/v7e-m/fpv4-sp/hard\libc.a(lib_a-reent.o)
 .debug_frame   0x00003344       0x3c c:/ac6/systemworkbench/plugins/fr.ac6.mcu.externaltools.arm-none.win32_1.17.0.201812190825/tools/compiler/bin/../lib/gcc/arm-none-eabi/7.3.1/../../../../arm-none-eabi/lib/thumb/v7e-m/fpv4-sp/hard\libc.a(lib_a-wctomb_r.o)
 .debug_frame   0x00003380       0xac c:/ac6/systemworkbench/plugins/fr.ac6.mcu.externaltools.arm-none.win32_1.17.0.201812190825/tools/compiler/bin/../lib/gcc/arm-none-eabi/7.3.1/thumb/v7e-m/fpv4-sp/hard\libgcc.a(_arm_addsubdf3.o)
 .debug_frame   0x0000342c       0x50 c:/ac6/systemworkbench/plugins/fr.ac6.mcu.externaltools.arm-none.win32_1.17.0.201812190825/tools/compiler/bin/../lib/gcc/arm-none-eabi/7.3.1/thumb/v7e-m/fpv4-sp/hard\libgcc.a(_arm_muldivdf3.o)
 .debug_frame   0x0000347c       0xc4 c:/ac6/systemworkbench/plugins/fr.ac6.mcu.externaltools.arm-none.win32_1.17.0.201812190825/tools/compiler/bin/../lib/gcc/arm-none-eabi/7.3.1/thumb/v7e-m/fpv4-sp/hard\libgcc.a(_arm_cmpdf2.o)
 .debug_frame   0x00003540       0x20 c:/ac6/systemworkbench/plugins/fr.ac6.mcu.externaltools.arm-none.win32_1.17.0.201812190825/tools/compiler/bin/../lib/gcc/arm-none-eabi/7.3.1/thumb/v7e-m/fpv4-sp/hard\libgcc.a(_arm_unorddf2.o)
 .debug_frame   0x00003560       0x24 c:/ac6/systemworkbench/plugins/fr.ac6.mcu.externaltools.arm-none.win32_1.17.0.201812190825/tools/compiler/bin/../lib/gcc/arm-none-eabi/7.3.1/thumb/v7e-m/fpv4-sp/hard\libgcc.a(_arm_fixdfsi.o)
 .debug_frame   0x00003584       0x2c c:/ac6/systemworkbench/plugins/fr.ac6.mcu.externaltools.arm-none.win32_1.17.0.201812190825/tools/compiler/bin/../lib/gcc/arm-none-eabi/7.3.1/thumb/v7e-m/fpv4-sp/hard\libgcc.a(_aeabi_uldivmod.o)
 .debug_frame   0x000035b0       0x34 c:/ac6/systemworkbench/plugins/fr.ac6.mcu.externaltools.arm-none.win32_1.17.0.201812190825/tools/compiler/bin/../lib/gcc/arm-none-eabi/7.3.1/thumb/v7e-m/fpv4-sp/hard\libgcc.a(_udivmoddi4.o)
